<html>
<body>
<pre>
<h1>µVision Build Log</h1>
<h2>Tool Versions:</h2>
IDE-Version: µVision V5.40.0.0
Copyright (C) 2024 ARM Ltd and ARM Germany GmbH. All rights reserved.
License Information: david ross
Seneca Polytechnic
User-based license: Keil MDK Community (non-commercial free of charge)
Valid until: May 31 2033. Cached until: Aug 20 2024
 
Tool Versions:
Toolchain:       Keil MDK Community (non-commercial free of charge  Version: 5.40.0.3
Toolchain Path:  C:\Users\davidross\AppData\Local\Keil_v5\ARM\ARMCLANG\Bin
C Compiler:      ArmClang.exe V6.22
Assembler:       Armasm.exe V6.22
Linker/Locator:  ArmLink.exe V6.22
Library Manager: ArmAr.exe V6.22
Hex Converter:   FromElf.exe V6.22
CPU DLL:         
Dialog DLL:      DCM.DLL V1.17.5.0
Target DLL:      CMSIS_AGDI.dll V1.33.18.0
Dialog DLL:      TCM.DLL V1.56.4.0
 
<h2>Project:</h2>
\\Mac\Extreme Pro 2 TB\Extras\KEIL_WORKSPACE\LAB2B_KEIL_NEW\KMV_Lab2B\KMV_Lab2B.uvprojx
Project File Date:  08/13/2024

<h2>Output:</h2>
*** Using Compiler 'V6.22', folder: 'C:\Users\davidross\AppData\Local\Keil_v5\ARM\ARMCLANG\Bin'
Build target 'KMV_Lab2B'
compiling analogin_api.c...
compiling AnalogOut.cpp...
compiling analogout_api.c...
compiling ATCmdParser.cpp...
compiling AnalogIn.cpp...
compiling main.cpp...
compiling BusIn.cpp...
compiling BusInOut.cpp...
compiling BusOut.cpp...
compiling CallChain.cpp...
compiling CAN.cpp...
compiling crc.c...
compiling CriticalSectionLock.cpp...
compiling BufferedBlockDevice.cpp...
compiling CThunkBase.cpp...
compiling DigitalIn.cpp...
compiling ChainingBlockDevice.cpp...
compiling DigitalInOut.cpp...
compiling DigitalOut.cpp...
compiling dma_api.c...
assembling except.S...
except.S: Warning: A1950W: The legacy armasm assembler is deprecated. Consider using the armclang integrated assembler instead.
.\mbed-os\platform\source\TARGET_CORTEX_M\TOOLCHAIN_ARM\except.S(162): warning: A1581W: Added 2 bytes of padding at address 0xc2
compiling DeepSleepLock.cpp...
compiling Ethernet.cpp...
compiling FileHandle.cpp...
compiling ExhaustibleBlockDevice.cpp...
compiling FileBase.cpp...
compiling FileSystemHandle.cpp...
compiling flash_api.c...
compiling FilePath.cpp...
compiling fsl_adc16.c...
compiling fsl_clock.c...
compiling fsl_clock_config.c...
compiling fsl_cmp.c...
compiling fsl_cmt.c...
compiling FlashIAP.cpp...
compiling FlashSimBlockDevice.cpp...
compiling fsl_common.c...
compiling fsl_crc.c...
compiling fsl_dac.c...
compiling fsl_dmamux.c...
compiling fsl_dspi_edma.c...
compiling fsl_edma.c...
compiling fsl_dspi.c...
compiling fsl_ewm.c...
compiling fsl_enet.c...
./mbed-os/targets/TARGET_Freescale/TARGET_MCUXpresso_MCUS/TARGET_MCU_K64F/drivers/fsl_flash.c(2620): warning: unknown attribute 'optimize' ignored [-Wunknown-attributes]
 2620 | void __attribute__((optimize("O0"))) flash_cache_clear(flash_config_t *config)
      |                     ^~~~~~~~~~~~~~
1 warning generated.
compiling fsl_flash.c...
compiling fsl_flexbus.c...
compiling fsl_flexcan.c...
compiling fsl_gpio.c...
compiling fsl_ftm.c...
compiling fsl_llwu.c...
compiling fsl_i2c_edma.c...
compiling fsl_i2c.c...
compiling fsl_lptmr.c...
compiling fsl_pdb.c...
compiling fsl_phy.c...
compiling fsl_pit.c...
compiling fsl_pmc.c...
compiling fsl_rcm.c...
compiling fsl_rnga.c...
compiling fsl_rtc.c...
compiling fsl_sai.c...
compiling fsl_sai_edma.c...
compiling fsl_sdhc.c...
compiling fsl_sim.c...
compiling fsl_smc.c...
compiling fsl_sysmpu.c...
compiling fsl_uart_edma.c...
compiling fsl_uart.c...
compiling fsl_vref.c...
compiling fsl_wdog.c...
compiling gpio_api.c...
compiling gpio_irq_api.c...
compiling i2c_api.c...
compiling I2CSlave.cpp...
compiling HeapBlockDevice.cpp...
compiling InterruptIn.cpp...
compiling I2C.cpp...
./mbed-os/drivers/source/InterruptManager.cpp(26): warning: In file included from...
mbed-os\drivers/InterruptManager.h(204): warning: 'CallChain' is deprecated: CallChain has been deprecated and will be removed. [-Wdeprecated-declarations]
  204 |     CallChain *_chains[NVIC_NUM_VECTORS];
      |     ^
mbed-os\platform/CallChain.h(76): note: 'CallChain' has been explicitly marked deprecated here
   76 |     MBED_DEPRECATED("CallChain has been deprecated and will be removed.")
      |     ^
mbed-os/platform\mbed_toolchain.h(359): note: expanded from macro 'MBED_DEPRECATED'
  359 | #define MBED_DEPRECATED(M) __attribute__((deprecated(M)))
      |                                           ^
./mbed-os/drivers/source/InterruptManager.cpp(63): warning: 'CallChain' is deprecated: CallChain has been deprecated and will be removed. [-Wdeprecated-declarations]
   63 |     memset(_chains, 0, NVIC_NUM_VECTORS * sizeof(CallChain *));
      |                                                  ^
mbed-os\platform/CallChain.h(76): note: 'CallChain' has been explicitly marked deprecated here
   76 |     MBED_DEPRECATED("CallChain has been deprecated and will be removed.")
      |     ^
mbed-os/platform\mbed_toolchain.h(359): note: expanded from macro 'MBED_DEPRECATED'
  359 | #define MBED_DEPRECATED(M) __attribute__((deprecated(M)))
      |                                           ^
./mbed-os/drivers/source/InterruptManager.cpp(92): warning: 'CallChain' is deprecated: CallChain has been deprecated and will be removed. [-Wdeprecated-declarations]
   92 |         _chains[irq_pos] = new CallChain(CHAIN_INITIAL_SIZE);
      |                                ^
mbed-os\platform/CallChain.h(76): note: 'CallChain' has been explicitly marked deprecated here
   76 |     MBED_DEPRECATED("CallChain has been deprecated and will be removed.")
      |     ^
mbed-os/platform\mbed_toolchain.h(359): note: expanded from macro 'MBED_DEPRECATED'
  359 | #define MBED_DEPRECATED(M) __attribute__((deprecated(M)))
      |                                           ^
3 warnings generated.
compiling InterruptManager.cpp...
compiling LocalFileSystem.cpp...
compiling lp_ticker.c...
compiling LowPowerTickerWrapper.cpp...
compiling mbed_application.c...
compiling mbed_assert.c...
compiling mbed_atomic_impl.c...
compiling mbed_board.c...
compiling mbed_compat.c...
compiling mbed_crc_api.c...
compiling mbed_critical.c...
compiling mbed_critical_section_api.c...
compiling mbed_alloc_wrappers.cpp...
compiling mbed_error_hist.c...
compiling mbed_error.c...
compiling mbed_fault_handler.c...
compiling mbed_flash_api.c...
compiling mbed_gpio.c...
compiling mbed_itm_api.c...
compiling mbed_gpio_irq.c...
compiling mbed_interface.c...
compiling mbed_lp_ticker_api.c...
compiling mbed_lp_ticker_wrapper.cpp...
compiling mbed_mktime.c...
compiling mbed_mpu_mgmt.c...
compiling mbed_mpu_v7m.c...
compiling mbed_mpu_v8m.c...
compiling mbed_overrides.c...
compiling mbed_pinmap_common.c...
compiling mbed_mem_trace.cpp...
compiling mbed_pinmap_default.c...
compiling mbed_poll.cpp...
compiling mbed_power_mgmt.c...
compiling mbed_printf_armlink_overrides.c...
compiling mbed_os_timer.cpp...
compiling mbed_printf_implementation.c...
compiling mbed_printf_wrapper.c...
compiling mbed_sdk_boot.c...
compiling mbed_semihost_api.c...
compiling mbed_stats.c...
compiling mbed_rtc_time.cpp...
compiling mbed_retarget.cpp...
compiling mbed_tz_context.c...
compiling mbed_ticker_api.c...
compiling mbed_usb_phy.cpp...
compiling mbed_us_ticker_api.c...
compiling mbed_wait_api_rtos.cpp...
./mbed-os/platform/source/mbed_wait_api_no_rtos.c(158): warning: passing arguments to a function without a prototype is deprecated in all versions of C and is not supported in C23 [-Wdeprecated-non-prototype]
  158 |     delay_loop(count);
      |               ^
1 warning generated.
compiling mbed_wait_api_no_rtos.c...
compiling mbed_thread.cpp...
compiling MbedCRC.cpp...
compiling mstd_mutex.cpp...
compiling MBRBlockDevice.cpp...
compiling PeripheralPins.c...
compiling ObservingBlockDevice.cpp...
compiling pinmap.c...
compiling port_api.c...
compiling PortIn.cpp...
compiling PortInOut.cpp...
compiling ProfilingBlockDevice.cpp...
compiling PortOut.cpp...
compiling PwmOut.cpp...
compiling pwmout_api.c...
compiling qspi_api.c...
compiling QSPI.cpp...
compiling ReadOnlyBlockDevice.cpp...
compiling reset_reason.c...
compiling ResetReason.cpp...
compiling RawSerial.cpp...
compiling rtc_api.c...
compiling serial_api.c...
compiling SerialWireOutput.cpp...
compiling sleep.c...
compiling SlicingBlockDevice.cpp...
compiling Serial.cpp...
compiling SerialBase.cpp...
compiling spi_api.c...
assembling startup_MK64F12.S...
startup_MK64F12.S: Warning: A1950W: The legacy armasm assembler is deprecated. Consider using the armclang integrated assembler instead.
compiling SPISlave.cpp...
compiling static_pinmap.cpp...
compiling storage_driver.c...
compiling system_MK64F12.c...
compiling SPI.cpp...
compiling TableCRC.cpp...
compiling Ticker.cpp...
compiling Stream.cpp...
compiling Timeout.cpp...
compiling SysTimer.cpp...
compiling Timer.cpp...
compiling TimerEvent.cpp...
compiling trng_api.c...
compiling us_ticker.c...
compiling Watchdog.cpp...
compiling UARTSerial.cpp...
compiling watchdog_api.c...
compiling USBPhy_Kinetis.cpp...
linking...
.\BUILD\KMV_Lab2B.axf: Warning: L3912W: Option 'legacyalign' is deprecated.
Program Size: Code=29958 RO-data=5738 RW-data=92 ZI-data=198760  
Finished: 0 information, 1 warning and 0 error messages.
".\BUILD\KMV_Lab2B.axf" - 0 Error(s), 9 Warning(s).

<h2>Software Packages used:</h2>

Package Vendor: Keil
                http://www.keil.com/pack/Keil.Kinetis_K60_DFP.1.5.0.pack
                Keil::Kinetis_K60_DFP@1.5.0
                NXP Kinetis K60 Series Device Support and Examples

<h2>Collection of Component include folders:</h2>
  C:/Users/davidross/AppData/Local/Arm/Packs/Keil/Kinetis_K60_DFP/1.5.0/Device/Include

<h2>Collection of Component Files used:</h2>
Build Time Elapsed:  00:01:09
</pre>
</body>
</html>
