<!doctype html public "-//w3c//dtd html 4.0 transitional//en">
<html><head>
<title>Static Call Graph - [.\BUILD\KMV_Lab2B.axf]</title></head>
<body><HR>
<H1>Static Call Graph for image .\BUILD\KMV_Lab2B.axf</H1><HR>
<BR><P>#&#060CALLGRAPH&#062# ARM Linker, 6220000: Last Updated: Tue Aug 13 21:58:55 2024
<BR><P>
<H3>Maximum Stack Usage =        464 bytes + Unknown(Cycles, Untraceable Function Pointers)</H3><H3>
Call chain for Maximum Stack Depth:</H3>
__rt_entry_main &rArr; exit &rArr; mbed_die &rArr; _wait_us_generic &rArr; ticker_read &rArr; initialize &rArr; mbed_error &rArr; print_error_report &rArr; mbed_error_printf &rArr; mbed_error_vprintf &rArr; vsnprintf &rArr; _printf_char_common &rArr; __printf
<P>
<H3>
Mutually Recursive functions
</H3> <LI><a href="#[161]">mbed_assert_internal</a>&nbsp;&nbsp;&nbsp;&rArr;&nbsp;&nbsp;&nbsp;<a href="#[18e]">mbed_error</a><BR>
 <LI><a href="#[6]">SVC_Handler</a>&nbsp;&nbsp;&nbsp;&rArr;&nbsp;&nbsp;&nbsp;<a href="#[6]">SVC_Handler</a><BR>
 <LI><a href="#[7]">DebugMon_Handler</a>&nbsp;&nbsp;&nbsp;&rArr;&nbsp;&nbsp;&nbsp;<a href="#[7]">DebugMon_Handler</a><BR>
 <LI><a href="#[8]">PendSV_Handler</a>&nbsp;&nbsp;&nbsp;&rArr;&nbsp;&nbsp;&nbsp;<a href="#[8]">PendSV_Handler</a><BR>
 <LI><a href="#[9]">SysTick_Handler</a>&nbsp;&nbsp;&nbsp;&rArr;&nbsp;&nbsp;&nbsp;<a href="#[9]">SysTick_Handler</a><BR>
</UL>
<P>
<H3>
Function Pointers
</H3><UL>
 <LI><a href="#[31]">ADC0_IRQHandler</a> from .\build\startup_mk64f12.o(.text) referenced from .\build\startup_mk64f12.o(RESET)
 <LI><a href="#[53]">ADC1_IRQHandler</a> from .\build\startup_mk64f12.o(.text) referenced from .\build\startup_mk64f12.o(RESET)
 <LI><a href="#[4]">BusFault_Handler</a> from .\build\except.o(.text) referenced from .\build\startup_mk64f12.o(RESET)
 <LI><a href="#[56]">CAN0_Bus_Off_IRQHandler</a> from .\build\startup_mk64f12.o(.text) referenced from .\build\startup_mk64f12.o(RESET)
 <LI><a href="#[89]">CAN0_DriverIRQHandler</a> from .\build\fsl_flexcan.o(.text.CAN0_DriverIRQHandler) referenced from .\build\startup_mk64f12.o(.text)
 <LI><a href="#[57]">CAN0_Error_IRQHandler</a> from .\build\startup_mk64f12.o(.text) referenced from .\build\startup_mk64f12.o(RESET)
 <LI><a href="#[55]">CAN0_ORed_Message_buffer_IRQHandler</a> from .\build\startup_mk64f12.o(.text) referenced from .\build\startup_mk64f12.o(RESET)
 <LI><a href="#[59]">CAN0_Rx_Warning_IRQHandler</a> from .\build\startup_mk64f12.o(.text) referenced from .\build\startup_mk64f12.o(RESET)
 <LI><a href="#[58]">CAN0_Tx_Warning_IRQHandler</a> from .\build\startup_mk64f12.o(.text) referenced from .\build\startup_mk64f12.o(RESET)
 <LI><a href="#[5a]">CAN0_Wake_Up_IRQHandler</a> from .\build\startup_mk64f12.o(.text) referenced from .\build\startup_mk64f12.o(RESET)
 <LI><a href="#[32]">CMP0_IRQHandler</a> from .\build\startup_mk64f12.o(.text) referenced from .\build\startup_mk64f12.o(RESET)
 <LI><a href="#[33]">CMP1_IRQHandler</a> from .\build\startup_mk64f12.o(.text) referenced from .\build\startup_mk64f12.o(RESET)
 <LI><a href="#[50]">CMP2_IRQHandler</a> from .\build\startup_mk64f12.o(.text) referenced from .\build\startup_mk64f12.o(RESET)
 <LI><a href="#[37]">CMT_IRQHandler</a> from .\build\startup_mk64f12.o(.text) referenced from .\build\startup_mk64f12.o(RESET)
 <LI><a href="#[42]">DAC0_IRQHandler</a> from .\build\startup_mk64f12.o(.text) referenced from .\build\startup_mk64f12.o(RESET)
 <LI><a href="#[52]">DAC1_IRQHandler</a> from .\build\startup_mk64f12.o(.text) referenced from .\build\startup_mk64f12.o(RESET)
 <LI><a href="#[63]">DMA0_DriverIRQHandler</a> from .\build\fsl_edma.o(.text.DMA0_DriverIRQHandler) referenced from .\build\startup_mk64f12.o(.text)
 <LI><a href="#[a]">DMA0_IRQHandler</a> from .\build\startup_mk64f12.o(.text) referenced from .\build\startup_mk64f12.o(RESET)
 <LI><a href="#[6d]">DMA10_DriverIRQHandler</a> from .\build\fsl_edma.o(.text.DMA10_DriverIRQHandler) referenced from .\build\startup_mk64f12.o(.text)
 <LI><a href="#[14]">DMA10_IRQHandler</a> from .\build\startup_mk64f12.o(.text) referenced from .\build\startup_mk64f12.o(RESET)
 <LI><a href="#[6e]">DMA11_DriverIRQHandler</a> from .\build\fsl_edma.o(.text.DMA11_DriverIRQHandler) referenced from .\build\startup_mk64f12.o(.text)
 <LI><a href="#[15]">DMA11_IRQHandler</a> from .\build\startup_mk64f12.o(.text) referenced from .\build\startup_mk64f12.o(RESET)
 <LI><a href="#[6f]">DMA12_DriverIRQHandler</a> from .\build\fsl_edma.o(.text.DMA12_DriverIRQHandler) referenced from .\build\startup_mk64f12.o(.text)
 <LI><a href="#[16]">DMA12_IRQHandler</a> from .\build\startup_mk64f12.o(.text) referenced from .\build\startup_mk64f12.o(RESET)
 <LI><a href="#[70]">DMA13_DriverIRQHandler</a> from .\build\fsl_edma.o(.text.DMA13_DriverIRQHandler) referenced from .\build\startup_mk64f12.o(.text)
 <LI><a href="#[17]">DMA13_IRQHandler</a> from .\build\startup_mk64f12.o(.text) referenced from .\build\startup_mk64f12.o(RESET)
 <LI><a href="#[71]">DMA14_DriverIRQHandler</a> from .\build\fsl_edma.o(.text.DMA14_DriverIRQHandler) referenced from .\build\startup_mk64f12.o(.text)
 <LI><a href="#[18]">DMA14_IRQHandler</a> from .\build\startup_mk64f12.o(.text) referenced from .\build\startup_mk64f12.o(RESET)
 <LI><a href="#[72]">DMA15_DriverIRQHandler</a> from .\build\fsl_edma.o(.text.DMA15_DriverIRQHandler) referenced from .\build\startup_mk64f12.o(.text)
 <LI><a href="#[19]">DMA15_IRQHandler</a> from .\build\startup_mk64f12.o(.text) referenced from .\build\startup_mk64f12.o(RESET)
 <LI><a href="#[64]">DMA1_DriverIRQHandler</a> from .\build\fsl_edma.o(.text.DMA1_DriverIRQHandler) referenced from .\build\startup_mk64f12.o(.text)
 <LI><a href="#[b]">DMA1_IRQHandler</a> from .\build\startup_mk64f12.o(.text) referenced from .\build\startup_mk64f12.o(RESET)
 <LI><a href="#[65]">DMA2_DriverIRQHandler</a> from .\build\fsl_edma.o(.text.DMA2_DriverIRQHandler) referenced from .\build\startup_mk64f12.o(.text)
 <LI><a href="#[c]">DMA2_IRQHandler</a> from .\build\startup_mk64f12.o(.text) referenced from .\build\startup_mk64f12.o(RESET)
 <LI><a href="#[66]">DMA3_DriverIRQHandler</a> from .\build\fsl_edma.o(.text.DMA3_DriverIRQHandler) referenced from .\build\startup_mk64f12.o(.text)
 <LI><a href="#[d]">DMA3_IRQHandler</a> from .\build\startup_mk64f12.o(.text) referenced from .\build\startup_mk64f12.o(RESET)
 <LI><a href="#[67]">DMA4_DriverIRQHandler</a> from .\build\fsl_edma.o(.text.DMA4_DriverIRQHandler) referenced from .\build\startup_mk64f12.o(.text)
 <LI><a href="#[e]">DMA4_IRQHandler</a> from .\build\startup_mk64f12.o(.text) referenced from .\build\startup_mk64f12.o(RESET)
 <LI><a href="#[68]">DMA5_DriverIRQHandler</a> from .\build\fsl_edma.o(.text.DMA5_DriverIRQHandler) referenced from .\build\startup_mk64f12.o(.text)
 <LI><a href="#[f]">DMA5_IRQHandler</a> from .\build\startup_mk64f12.o(.text) referenced from .\build\startup_mk64f12.o(RESET)
 <LI><a href="#[69]">DMA6_DriverIRQHandler</a> from .\build\fsl_edma.o(.text.DMA6_DriverIRQHandler) referenced from .\build\startup_mk64f12.o(.text)
 <LI><a href="#[10]">DMA6_IRQHandler</a> from .\build\startup_mk64f12.o(.text) referenced from .\build\startup_mk64f12.o(RESET)
 <LI><a href="#[6a]">DMA7_DriverIRQHandler</a> from .\build\fsl_edma.o(.text.DMA7_DriverIRQHandler) referenced from .\build\startup_mk64f12.o(.text)
 <LI><a href="#[11]">DMA7_IRQHandler</a> from .\build\startup_mk64f12.o(.text) referenced from .\build\startup_mk64f12.o(RESET)
 <LI><a href="#[6b]">DMA8_DriverIRQHandler</a> from .\build\fsl_edma.o(.text.DMA8_DriverIRQHandler) referenced from .\build\startup_mk64f12.o(.text)
 <LI><a href="#[12]">DMA8_IRQHandler</a> from .\build\startup_mk64f12.o(.text) referenced from .\build\startup_mk64f12.o(RESET)
 <LI><a href="#[6c]">DMA9_DriverIRQHandler</a> from .\build\fsl_edma.o(.text.DMA9_DriverIRQHandler) referenced from .\build\startup_mk64f12.o(.text)
 <LI><a href="#[13]">DMA9_IRQHandler</a> from .\build\startup_mk64f12.o(.text) referenced from .\build\startup_mk64f12.o(RESET)
 <LI><a href="#[73]">DMA_Error_DriverIRQHandler</a> from .\build\startup_mk64f12.o(.text) referenced from .\build\startup_mk64f12.o(.text)
 <LI><a href="#[1a]">DMA_Error_IRQHandler</a> from .\build\startup_mk64f12.o(.text) referenced from .\build\startup_mk64f12.o(RESET)
 <LI><a href="#[7]">DebugMon_Handler</a> from .\build\startup_mk64f12.o(.text) referenced from .\build\startup_mk64f12.o(RESET)
 <LI><a href="#[60]">DefaultISR</a> from .\build\startup_mk64f12.o(.text) referenced 153 times from .\build\startup_mk64f12.o(RESET)
 <LI><a href="#[8b]">ENET_1588_Timer_DriverIRQHandler</a> from .\build\startup_mk64f12.o(.text) referenced from .\build\startup_mk64f12.o(.text)
 <LI><a href="#[5c]">ENET_1588_Timer_IRQHandler</a> from .\build\startup_mk64f12.o(.text) referenced from .\build\startup_mk64f12.o(RESET)
 <LI><a href="#[8e]">ENET_Error_DriverIRQHandler</a> from .\build\startup_mk64f12.o(.text) referenced from .\build\startup_mk64f12.o(.text)
 <LI><a href="#[5f]">ENET_Error_IRQHandler</a> from .\build\fsl_enet.o(.text.ENET_Error_IRQHandler) referenced from .\build\startup_mk64f12.o(RESET)
 <LI><a href="#[8d]">ENET_Receive_DriverIRQHandler</a> from .\build\startup_mk64f12.o(.text) referenced from .\build\startup_mk64f12.o(.text)
 <LI><a href="#[5e]">ENET_Receive_IRQHandler</a> from .\build\fsl_enet.o(.text.ENET_Receive_IRQHandler) referenced from .\build\startup_mk64f12.o(RESET)
 <LI><a href="#[8c]">ENET_Transmit_DriverIRQHandler</a> from .\build\startup_mk64f12.o(.text) referenced from .\build\startup_mk64f12.o(.text)
 <LI><a href="#[5d]">ENET_Transmit_IRQHandler</a> from .\build\fsl_enet.o(.text.ENET_Transmit_IRQHandler) referenced from .\build\startup_mk64f12.o(RESET)
 <LI><a href="#[1c]">FTFE_IRQHandler</a> from .\build\startup_mk64f12.o(.text) referenced from .\build\startup_mk64f12.o(RESET)
 <LI><a href="#[34]">FTM0_IRQHandler</a> from .\build\startup_mk64f12.o(.text) referenced from .\build\startup_mk64f12.o(RESET)
 <LI><a href="#[35]">FTM1_IRQHandler</a> from .\build\startup_mk64f12.o(.text) referenced from .\build\startup_mk64f12.o(RESET)
 <LI><a href="#[36]">FTM2_IRQHandler</a> from .\build\startup_mk64f12.o(.text) referenced from .\build\startup_mk64f12.o(RESET)
 <LI><a href="#[51]">FTM3_IRQHandler</a> from .\build\startup_mk64f12.o(.text) referenced from .\build\startup_mk64f12.o(RESET)
 <LI><a href="#[2]">HardFault_Handler</a> from .\build\except.o(.text) referenced from .\build\startup_mk64f12.o(RESET)
 <LI><a href="#[74]">I2C0_DriverIRQHandler</a> from .\build\fsl_i2c.o(.text.I2C0_DriverIRQHandler) referenced from .\build\startup_mk64f12.o(.text)
 <LI><a href="#[22]">I2C0_IRQHandler</a> from .\build\startup_mk64f12.o(.text) referenced from .\build\startup_mk64f12.o(RESET)
 <LI><a href="#[75]">I2C1_DriverIRQHandler</a> from .\build\fsl_i2c.o(.text.I2C1_DriverIRQHandler) referenced from .\build\startup_mk64f12.o(.text)
 <LI><a href="#[23]">I2C1_IRQHandler</a> from .\build\startup_mk64f12.o(.text) referenced from .\build\startup_mk64f12.o(RESET)
 <LI><a href="#[88]">I2C2_DriverIRQHandler</a> from .\build\fsl_i2c.o(.text.I2C2_DriverIRQHandler) referenced from .\build\startup_mk64f12.o(.text)
 <LI><a href="#[54]">I2C2_IRQHandler</a> from .\build\startup_mk64f12.o(.text) referenced from .\build\startup_mk64f12.o(RESET)
 <LI><a href="#[79]">I2S0_Rx_DriverIRQHandler</a> from .\build\fsl_sai.o(.text.I2S0_Rx_DriverIRQHandler) referenced from .\build\startup_mk64f12.o(.text)
 <LI><a href="#[27]">I2S0_Rx_IRQHandler</a> from .\build\startup_mk64f12.o(.text) referenced from .\build\startup_mk64f12.o(RESET)
 <LI><a href="#[78]">I2S0_Tx_DriverIRQHandler</a> from .\build\fsl_sai.o(.text.I2S0_Tx_DriverIRQHandler) referenced from .\build\startup_mk64f12.o(.text)
 <LI><a href="#[26]">I2S0_Tx_IRQHandler</a> from .\build\startup_mk64f12.o(.text) referenced from .\build\startup_mk64f12.o(RESET)
 <LI><a href="#[1f]">LLWU_IRQHandler</a> from .\build\startup_mk64f12.o(.text) referenced from .\build\startup_mk64f12.o(RESET)
 <LI><a href="#[44]">LPTMR0_IRQHandler</a> from .\build\startup_mk64f12.o(.text) referenced from .\build\startup_mk64f12.o(RESET)
 <LI><a href="#[1e]">LVD_LVW_IRQHandler</a> from .\build\startup_mk64f12.o(.text) referenced from .\build\startup_mk64f12.o(RESET)
 <LI><a href="#[43]">MCG_IRQHandler</a> from .\build\startup_mk64f12.o(.text) referenced from .\build\startup_mk64f12.o(RESET)
 <LI><a href="#[1b]">MCM_IRQHandler</a> from .\build\startup_mk64f12.o(.text) referenced from .\build\startup_mk64f12.o(RESET)
 <LI><a href="#[3]">MemManage_Handler</a> from .\build\except.o(.text) referenced from .\build\startup_mk64f12.o(RESET)
 <LI><a href="#[1]">NMI_Handler</a> from .\build\mbed_overrides.o(.text.NMI_Handler) referenced from .\build\startup_mk64f12.o(RESET)
 <LI><a href="#[3e]">PDB0_IRQHandler</a> from .\build\startup_mk64f12.o(.text) referenced from .\build\startup_mk64f12.o(RESET)
 <LI><a href="#[3a]">PIT0_IRQHandler</a> from .\build\startup_mk64f12.o(.text) referenced from .\build\startup_mk64f12.o(RESET)
 <LI><a href="#[3b]">PIT1_IRQHandler</a> from .\build\startup_mk64f12.o(.text) referenced from .\build\startup_mk64f12.o(RESET)
 <LI><a href="#[3c]">PIT2_IRQHandler</a> from .\build\startup_mk64f12.o(.text) referenced from .\build\startup_mk64f12.o(RESET)
 <LI><a href="#[3d]">PIT3_IRQHandler</a> from .\build\startup_mk64f12.o(.text) referenced from .\build\startup_mk64f12.o(RESET)
 <LI><a href="#[45]">PORTA_IRQHandler</a> from .\build\startup_mk64f12.o(.text) referenced from .\build\startup_mk64f12.o(RESET)
 <LI><a href="#[46]">PORTB_IRQHandler</a> from .\build\startup_mk64f12.o(.text) referenced from .\build\startup_mk64f12.o(RESET)
 <LI><a href="#[47]">PORTC_IRQHandler</a> from .\build\startup_mk64f12.o(.text) referenced from .\build\startup_mk64f12.o(RESET)
 <LI><a href="#[48]">PORTD_IRQHandler</a> from .\build\startup_mk64f12.o(.text) referenced from .\build\startup_mk64f12.o(RESET)
 <LI><a href="#[49]">PORTE_IRQHandler</a> from .\build\startup_mk64f12.o(.text) referenced from .\build\startup_mk64f12.o(RESET)
 <LI><a href="#[8]">PendSV_Handler</a> from .\build\startup_mk64f12.o(.text) referenced from .\build\startup_mk64f12.o(RESET)
 <LI><a href="#[21]">RNG_IRQHandler</a> from .\build\startup_mk64f12.o(.text) referenced from .\build\startup_mk64f12.o(RESET)
 <LI><a href="#[38]">RTC_IRQHandler</a> from .\build\startup_mk64f12.o(.text) referenced from .\build\startup_mk64f12.o(RESET)
 <LI><a href="#[39]">RTC_Seconds_IRQHandler</a> from .\build\startup_mk64f12.o(.text) referenced from .\build\startup_mk64f12.o(RESET)
 <LI><a href="#[1d]">Read_Collision_IRQHandler</a> from .\build\startup_mk64f12.o(.text) referenced from .\build\startup_mk64f12.o(RESET)
 <LI><a href="#[41]">Reserved71_IRQHandler</a> from .\build\startup_mk64f12.o(.text) referenced from .\build\startup_mk64f12.o(RESET)
 <LI><a href="#[0]">Reset_Handler</a> from .\build\startup_mk64f12.o(.text) referenced from .\build\startup_mk64f12.o(RESET)
 <LI><a href="#[8a]">SDHC_DriverIRQHandler</a> from .\build\fsl_sdhc.o(.text.SDHC_DriverIRQHandler) referenced from .\build\startup_mk64f12.o(.text)
 <LI><a href="#[5b]">SDHC_IRQHandler</a> from .\build\startup_mk64f12.o(.text) referenced from .\build\startup_mk64f12.o(RESET)
 <LI><a href="#[76]">SPI0_DriverIRQHandler</a> from .\build\fsl_dspi.o(.text.SPI0_DriverIRQHandler) referenced from .\build\startup_mk64f12.o(.text)
 <LI><a href="#[24]">SPI0_IRQHandler</a> from .\build\startup_mk64f12.o(.text) referenced from .\build\startup_mk64f12.o(RESET)
 <LI><a href="#[77]">SPI1_DriverIRQHandler</a> from .\build\fsl_dspi.o(.text.SPI1_DriverIRQHandler) referenced from .\build\startup_mk64f12.o(.text)
 <LI><a href="#[25]">SPI1_IRQHandler</a> from .\build\startup_mk64f12.o(.text) referenced from .\build\startup_mk64f12.o(RESET)
 <LI><a href="#[83]">SPI2_DriverIRQHandler</a> from .\build\fsl_dspi.o(.text.SPI2_DriverIRQHandler) referenced from .\build\startup_mk64f12.o(.text)
 <LI><a href="#[4b]">SPI2_IRQHandler</a> from .\build\startup_mk64f12.o(.text) referenced from .\build\startup_mk64f12.o(RESET)
 <LI><a href="#[6]">SVC_Handler</a> from .\build\startup_mk64f12.o(.text) referenced from .\build\startup_mk64f12.o(RESET)
 <LI><a href="#[4a]">SWI_IRQHandler</a> from .\build\startup_mk64f12.o(.text) referenced from .\build\startup_mk64f12.o(RESET)
 <LI><a href="#[9]">SysTick_Handler</a> from .\build\startup_mk64f12.o(.text) referenced from .\build\startup_mk64f12.o(RESET)
 <LI><a href="#[61]">SystemInit</a> from .\build\system_mk64f12.o(.text.SystemInit) referenced from .\build\startup_mk64f12.o(.text)
 <LI><a href="#[7c]">UART0_ERR_DriverIRQHandler</a> from .\build\startup_mk64f12.o(.text) referenced from .\build\startup_mk64f12.o(.text)
 <LI><a href="#[2a]">UART0_ERR_IRQHandler</a> from .\build\startup_mk64f12.o(.text) referenced from .\build\startup_mk64f12.o(RESET)
 <LI><a href="#[7a]">UART0_LON_DriverIRQHandler</a> from .\build\startup_mk64f12.o(.text) referenced from .\build\startup_mk64f12.o(.text)
 <LI><a href="#[28]">UART0_LON_IRQHandler</a> from .\build\startup_mk64f12.o(.text) referenced from .\build\startup_mk64f12.o(RESET)
 <LI><a href="#[7b]">UART0_RX_TX_DriverIRQHandler</a> from .\build\fsl_uart.o(.text.UART0_RX_TX_DriverIRQHandler) referenced from .\build\startup_mk64f12.o(.text)
 <LI><a href="#[29]">UART0_RX_TX_IRQHandler</a> from .\build\startup_mk64f12.o(.text) referenced from .\build\startup_mk64f12.o(RESET)
 <LI><a href="#[7e]">UART1_ERR_DriverIRQHandler</a> from .\build\startup_mk64f12.o(.text) referenced from .\build\startup_mk64f12.o(.text)
 <LI><a href="#[2c]">UART1_ERR_IRQHandler</a> from .\build\startup_mk64f12.o(.text) referenced from .\build\startup_mk64f12.o(RESET)
 <LI><a href="#[7d]">UART1_RX_TX_DriverIRQHandler</a> from .\build\fsl_uart.o(.text.UART1_RX_TX_DriverIRQHandler) referenced from .\build\startup_mk64f12.o(.text)
 <LI><a href="#[2b]">UART1_RX_TX_IRQHandler</a> from .\build\startup_mk64f12.o(.text) referenced from .\build\startup_mk64f12.o(RESET)
 <LI><a href="#[80]">UART2_ERR_DriverIRQHandler</a> from .\build\startup_mk64f12.o(.text) referenced from .\build\startup_mk64f12.o(.text)
 <LI><a href="#[2e]">UART2_ERR_IRQHandler</a> from .\build\startup_mk64f12.o(.text) referenced from .\build\startup_mk64f12.o(RESET)
 <LI><a href="#[7f]">UART2_RX_TX_DriverIRQHandler</a> from .\build\fsl_uart.o(.text.UART2_RX_TX_DriverIRQHandler) referenced from .\build\startup_mk64f12.o(.text)
 <LI><a href="#[2d]">UART2_RX_TX_IRQHandler</a> from .\build\startup_mk64f12.o(.text) referenced from .\build\startup_mk64f12.o(RESET)
 <LI><a href="#[82]">UART3_ERR_DriverIRQHandler</a> from .\build\startup_mk64f12.o(.text) referenced from .\build\startup_mk64f12.o(.text)
 <LI><a href="#[30]">UART3_ERR_IRQHandler</a> from .\build\startup_mk64f12.o(.text) referenced from .\build\startup_mk64f12.o(RESET)
 <LI><a href="#[81]">UART3_RX_TX_DriverIRQHandler</a> from .\build\fsl_uart.o(.text.UART3_RX_TX_DriverIRQHandler) referenced from .\build\startup_mk64f12.o(.text)
 <LI><a href="#[2f]">UART3_RX_TX_IRQHandler</a> from .\build\startup_mk64f12.o(.text) referenced from .\build\startup_mk64f12.o(RESET)
 <LI><a href="#[85]">UART4_ERR_DriverIRQHandler</a> from .\build\startup_mk64f12.o(.text) referenced from .\build\startup_mk64f12.o(.text)
 <LI><a href="#[4d]">UART4_ERR_IRQHandler</a> from .\build\startup_mk64f12.o(.text) referenced from .\build\startup_mk64f12.o(RESET)
 <LI><a href="#[84]">UART4_RX_TX_DriverIRQHandler</a> from .\build\fsl_uart.o(.text.UART4_RX_TX_DriverIRQHandler) referenced from .\build\startup_mk64f12.o(.text)
 <LI><a href="#[4c]">UART4_RX_TX_IRQHandler</a> from .\build\startup_mk64f12.o(.text) referenced from .\build\startup_mk64f12.o(RESET)
 <LI><a href="#[87]">UART5_ERR_DriverIRQHandler</a> from .\build\startup_mk64f12.o(.text) referenced from .\build\startup_mk64f12.o(.text)
 <LI><a href="#[4f]">UART5_ERR_IRQHandler</a> from .\build\startup_mk64f12.o(.text) referenced from .\build\startup_mk64f12.o(RESET)
 <LI><a href="#[86]">UART5_RX_TX_DriverIRQHandler</a> from .\build\fsl_uart.o(.text.UART5_RX_TX_DriverIRQHandler) referenced from .\build\startup_mk64f12.o(.text)
 <LI><a href="#[4e]">UART5_RX_TX_IRQHandler</a> from .\build\startup_mk64f12.o(.text) referenced from .\build\startup_mk64f12.o(RESET)
 <LI><a href="#[3f]">USB0_IRQHandler</a> from .\build\startup_mk64f12.o(.text) referenced from .\build\startup_mk64f12.o(RESET)
 <LI><a href="#[40]">USBDCD_IRQHandler</a> from .\build\startup_mk64f12.o(.text) referenced from .\build\startup_mk64f12.o(RESET)
 <LI><a href="#[5]">UsageFault_Handler</a> from .\build\except.o(.text) referenced from .\build\startup_mk64f12.o(RESET)
 <LI><a href="#[20]">WDOG_EWM_IRQHandler</a> from .\build\startup_mk64f12.o(.text) referenced from .\build\startup_mk64f12.o(RESET)
 <LI><a href="#[96]">DirectSerial::read(void*, unsigned int)</a> from .\build\mbed_retarget.o(.text._ZN12DirectSerial4readEPvj) referenced from .\build\mbed_retarget.o(.rodata._ZTV12DirectSerial)
 <LI><a href="#[98]">DirectSerial::seek(long, int)</a> from .\build\mbed_retarget.o(.text._ZN12DirectSerial4seekEli) referenced from .\build\mbed_retarget.o(.rodata._ZTV12DirectSerial)
 <LI><a href="#[9e]">DirectSerial::size()</a> from .\build\mbed_retarget.o(.text._ZN12DirectSerial4sizeEv) referenced from .\build\mbed_retarget.o(.rodata._ZTV12DirectSerial)
 <LI><a href="#[99]">DirectSerial::close()</a> from .\build\mbed_retarget.o(.text._ZN12DirectSerial5closeEv) referenced from .\build\mbed_retarget.o(.rodata._ZTV12DirectSerial)
 <LI><a href="#[97]">DirectSerial::write(void const*, unsigned int)</a> from .\build\mbed_retarget.o(.text._ZN12DirectSerial5writeEPKvj) referenced from .\build\mbed_retarget.o(.rodata._ZTV12DirectSerial)
 <LI><a href="#[9b]">DirectSerial::isatty()</a> from .\build\mbed_retarget.o(.text._ZN12DirectSerial6isattyEv) referenced from .\build\mbed_retarget.o(.rodata._ZTV12DirectSerial)
 <LI><a href="#[95]">DirectSerial::~DirectSerial__deallocating()</a> from .\build\mbed_retarget.o(.text._ZN12DirectSerialD0Ev) referenced from .\build\mbed_retarget.o(.rodata._ZTV12DirectSerial)
 <LI><a href="#[a5]">mbed::FileHandle::enable_input(bool)</a> from .\build\filehandle.o(.text._ZN4mbed10FileHandle12enable_inputEb) referenced from .\build\mbed_retarget.o(.rodata._ZTV12DirectSerial)
 <LI><a href="#[a3]">mbed::FileHandle::set_blocking(bool)</a> from .\build\filehandle.o(.text._ZN4mbed10FileHandle12set_blockingEb) referenced from .\build\mbed_retarget.o(.rodata._ZTV12DirectSerial)
 <LI><a href="#[a6]">mbed::FileHandle::enable_output(bool)</a> from .\build\filehandle.o(.text._ZN4mbed10FileHandle13enable_outputEb) referenced from .\build\mbed_retarget.o(.rodata._ZTV12DirectSerial)
 <LI><a href="#[a2]">mbed::FileHandle::flen()</a> from .\build\filehandle.o(.text._ZN4mbed10FileHandle4flenEv) referenced from .\build\mbed_retarget.o(.rodata._ZTV12DirectSerial)
 <LI><a href="#[9a]">mbed::FileHandle::sync()</a> from .\build\filehandle.o(.text._ZN4mbed10FileHandle4syncEv) referenced from .\build\mbed_retarget.o(.rodata._ZTV12DirectSerial)
 <LI><a href="#[9c]">mbed::FileHandle::tell()</a> from .\build\filehandle.o(.text._ZN4mbed10FileHandle4tellEv) referenced from .\build\mbed_retarget.o(.rodata._ZTV12DirectSerial)
 <LI><a href="#[a1]">mbed::FileHandle::fsync()</a> from .\build\filehandle.o(.text._ZN4mbed10FileHandle5fsyncEv) referenced from .\build\mbed_retarget.o(.rodata._ZTV12DirectSerial)
 <LI><a href="#[a0]">mbed::FileHandle::lseek(long, int)</a> from .\build\filehandle.o(.text._ZN4mbed10FileHandle5lseekEli) referenced from .\build\mbed_retarget.o(.rodata._ZTV12DirectSerial)
 <LI><a href="#[a8]">mbed::FileHandle::sigio(mbed::Callback&lang;void ()&rang;)</a> from .\build\filehandle.o(.text._ZN4mbed10FileHandle5sigioENS_8CallbackIFvvEEE) referenced from .\build\mbed_retarget.o(.rodata._ZTV12DirectSerial)
 <LI><a href="#[9d]">mbed::FileHandle::rewind()</a> from .\build\filehandle.o(.text._ZN4mbed10FileHandle6rewindEv) referenced from .\build\mbed_retarget.o(.rodata._ZTV12DirectSerial)
 <LI><a href="#[9f]">mbed::FileHandle::truncate(long)</a> from .\build\filehandle.o(.text._ZN4mbed10FileHandle8truncateEl) referenced from .\build\mbed_retarget.o(.rodata._ZTV12DirectSerial)
 <LI><a href="#[94]">mbed::FileHandle::~FileHandle__sub_object()</a> from .\build\filehandle.o(.text._ZN4mbed10FileHandleD2Ev) referenced from .\build\mbed_retarget.o(.rodata._ZTV12DirectSerial)
 <LI><a href="#[a7]">DirectSerial::poll(short) const</a> from .\build\mbed_retarget.o(.text._ZNK12DirectSerial4pollEs) referenced from .\build\mbed_retarget.o(.rodata._ZTV12DirectSerial)
 <LI><a href="#[a4]">mbed::FileHandle::is_blocking() const</a> from .\build\filehandle.o(.text._ZNK4mbed10FileHandle11is_blockingEv) referenced from .\build\mbed_retarget.o(.rodata._ZTV12DirectSerial)
 <LI><a href="#[62]">__main</a> from C:\Users\davidross\AppData\Local\Keil_v5\ARM\ARMCLANG\Bin\..\lib\armlib\c_w.l(__main.o)(!!!main) referenced from .\build\startup_mk64f12.o(.text)
 <LI><a href="#[92]">_get_lc_ctype</a> from C:\Users\davidross\AppData\Local\Keil_v5\ARM\ARMCLANG\Bin\..\lib\armlib\c_w.l(lc_ctype_c.o)(locale$$code) referenced from C:\Users\davidross\AppData\Local\Keil_v5\ARM\ARMCLANG\Bin\..\lib\armlib\c_w.l(rt_ctype_table.o)(.text)
 <LI><a href="#[90]">_printf_input_char</a> from C:\Users\davidross\AppData\Local\Keil_v5\ARM\ARMCLANG\Bin\..\lib\armlib\c_w.l(_printf_char_common.o)(.text) referenced from C:\Users\davidross\AppData\Local\Keil_v5\ARM\ARMCLANG\Bin\..\lib\armlib\c_w.l(_printf_char_common.o)(.text)
 <LI><a href="#[8f]">_snputc</a> from C:\Users\davidross\AppData\Local\Keil_v5\ARM\ARMCLANG\Bin\..\lib\armlib\c_w.l(_snputc.o)(.text) referenced from C:\Users\davidross\AppData\Local\Keil_v5\ARM\ARMCLANG\Bin\..\lib\armlib\c_w.l(vsnprintf.o)(.text)
 <LI><a href="#[91]">fputc</a> from C:\Users\davidross\AppData\Local\Keil_v5\ARM\ARMCLANG\Bin\..\lib\armlib\c_w.l(fputc.o)(i.fputc) referenced from C:\Users\davidross\AppData\Local\Keil_v5\ARM\ARMCLANG\Bin\..\lib\armlib\c_w.l(_printf_char_file.o)(.text)
 <LI><a href="#[af]">note_us_ticker_free</a> from .\build\mbed_us_ticker_api.o(.text.note_us_ticker_free) referenced from .\build\mbed_us_ticker_api.o(.rodata.us_interface)
 <LI><a href="#[a9]">note_us_ticker_init</a> from .\build\mbed_us_ticker_api.o(.text.note_us_ticker_init) referenced from .\build\mbed_us_ticker_api.o(.rodata.us_interface)
 <LI><a href="#[93]">pit_isr</a> from .\build\us_ticker.o(.text.pit_isr) referenced 2 times from .\build\us_ticker.o(.text.us_ticker_init)
 <LI><a href="#[b1]">ticker_irq_handler</a> from .\build\mbed_ticker_api.o(.text.ticker_irq_handler) referenced from .\build\mbed_us_ticker_api.o(.data.irq_handler)
 <LI><a href="#[ac]">us_ticker_clear_interrupt</a> from .\build\us_ticker.o(.text.us_ticker_clear_interrupt) referenced from .\build\mbed_us_ticker_api.o(.rodata.us_interface)
 <LI><a href="#[ab]">us_ticker_disable_interrupt</a> from .\build\us_ticker.o(.text.us_ticker_disable_interrupt) referenced from .\build\mbed_us_ticker_api.o(.rodata.us_interface)
 <LI><a href="#[ae]">us_ticker_fire_interrupt</a> from .\build\us_ticker.o(.text.us_ticker_fire_interrupt) referenced from .\build\mbed_us_ticker_api.o(.rodata.us_interface)
 <LI><a href="#[b0]">us_ticker_get_info</a> from .\build\us_ticker.o(.text.us_ticker_get_info) referenced from .\build\mbed_us_ticker_api.o(.rodata.us_interface)
 <LI><a href="#[aa]">us_ticker_read</a> from .\build\us_ticker.o(.text.us_ticker_read) referenced from .\build\mbed_us_ticker_api.o(.rodata.us_interface)
 <LI><a href="#[ad]">us_ticker_set_interrupt</a> from .\build\us_ticker.o(.text.us_ticker_set_interrupt) referenced from .\build\mbed_us_ticker_api.o(.rodata.us_interface)
</UL>
<P>
<H3>
Global Symbols
</H3>
<P><STRONG><a name="[62]"></a>__main</STRONG> (Thumb, 8 bytes, Stack size 0 bytes, C:\Users\davidross\AppData\Local\Keil_v5\ARM\ARMCLANG\Bin\..\lib\armlib\c_w.l(__main.o)(!!!main))
<BR><BR>[Calls]<UL><LI><a href="#[b3]">&gt;&gt;</a>&nbsp;&nbsp;&nbsp;__rt_entry
<LI><a href="#[b2]">&gt;&gt;</a>&nbsp;&nbsp;&nbsp;__scatterload
</UL>
<BR>[Address Reference Count : 1]<UL><LI> startup_mk64f12.o(.text)
</UL>
<P><STRONG><a name="[b2]"></a>__scatterload</STRONG> (Thumb, 0 bytes, Stack size unknown bytes, C:\Users\davidross\AppData\Local\Keil_v5\ARM\ARMCLANG\Bin\..\lib\armlib\c_w.l(__scatter.o)(!!!scatter))
<BR><BR>[Called By]<UL><LI><a href="#[62]">&gt;&gt;</a>&nbsp;&nbsp;&nbsp;__main
</UL>

<P><STRONG><a name="[b4]"></a>__scatterload_rt2</STRONG> (Thumb, 84 bytes, Stack size unknown bytes, C:\Users\davidross\AppData\Local\Keil_v5\ARM\ARMCLANG\Bin\..\lib\armlib\c_w.l(__scatter.o)(!!!scatter), UNUSED)
<BR><BR>[Calls]<UL><LI><a href="#[b3]">&gt;&gt;</a>&nbsp;&nbsp;&nbsp;__rt_entry
</UL>

<P><STRONG><a name="[1a7]"></a>__scatterload_rt2_thumb_only</STRONG> (Thumb, 0 bytes, Stack size unknown bytes, C:\Users\davidross\AppData\Local\Keil_v5\ARM\ARMCLANG\Bin\..\lib\armlib\c_w.l(__scatter.o)(!!!scatter), UNUSED)

<P><STRONG><a name="[1a8]"></a>__scatterload_loop</STRONG> (Thumb, 0 bytes, Stack size unknown bytes, C:\Users\davidross\AppData\Local\Keil_v5\ARM\ARMCLANG\Bin\..\lib\armlib\c_w.l(__scatter.o)(!!!scatter), UNUSED)

<P><STRONG><a name="[b5]"></a>__scatterload_copy</STRONG> (Thumb, 26 bytes, Stack size unknown bytes, C:\Users\davidross\AppData\Local\Keil_v5\ARM\ARMCLANG\Bin\..\lib\armlib\c_w.l(__scatter_copy.o)(!!handler_copy), UNUSED)
<BR><BR>[Calls]<UL><LI><a href="#[b5]">&gt;&gt;</a>&nbsp;&nbsp;&nbsp;__scatterload_copy
</UL>
<BR>[Called By]<UL><LI><a href="#[b5]">&gt;&gt;</a>&nbsp;&nbsp;&nbsp;__scatterload_copy
</UL>

<P><STRONG><a name="[1a9]"></a>__scatterload_null</STRONG> (Thumb, 2 bytes, Stack size unknown bytes, C:\Users\davidross\AppData\Local\Keil_v5\ARM\ARMCLANG\Bin\..\lib\armlib\c_w.l(__scatter.o)(!!handler_null), UNUSED)

<P><STRONG><a name="[1aa]"></a>__scatterload_zeroinit</STRONG> (Thumb, 28 bytes, Stack size unknown bytes, C:\Users\davidross\AppData\Local\Keil_v5\ARM\ARMCLANG\Bin\..\lib\armlib\c_w.l(__scatter_zi.o)(!!handler_zi), UNUSED)

<P><STRONG><a name="[b6]"></a>_printf_n</STRONG> (Thumb, 0 bytes, Stack size unknown bytes, C:\Users\davidross\AppData\Local\Keil_v5\ARM\ARMCLANG\Bin\..\lib\armlib\c_w.l(_printf_n.o)(.ARM.Collect$$_printf_percent$$00000001))
<BR><BR>[Calls]<UL><LI><a href="#[b7]">&gt;&gt;</a>&nbsp;&nbsp;&nbsp;_printf_charcount
</UL>

<P><STRONG><a name="[fd]"></a>_printf_percent</STRONG> (Thumb, 0 bytes, Stack size unknown bytes, C:\Users\davidross\AppData\Local\Keil_v5\ARM\ARMCLANG\Bin\..\lib\armlib\c_w.l(_printf_percent.o)(.ARM.Collect$$_printf_percent$$00000000))
<BR><BR>[Called By]<UL><LI><a href="#[fb]">&gt;&gt;</a>&nbsp;&nbsp;&nbsp;__printf
</UL>

<P><STRONG><a name="[b8]"></a>_printf_p</STRONG> (Thumb, 0 bytes, Stack size unknown bytes, C:\Users\davidross\AppData\Local\Keil_v5\ARM\ARMCLANG\Bin\..\lib\armlib\c_w.l(_printf_p.o)(.ARM.Collect$$_printf_percent$$00000002))
<BR><BR>[Stack]<UL><LI>Max Depth = 64 + Unknown Stack Size
<LI>Call Chain = _printf_p &rArr; _printf_hex_ptr &rArr; _printf_longlong_hex &rArr; _printf_int_common &rArr; _printf_post_padding
</UL>
<BR>[Calls]<UL><LI><a href="#[b9]">&gt;&gt;</a>&nbsp;&nbsp;&nbsp;_printf_hex_ptr
</UL>

<P><STRONG><a name="[ba]"></a>_printf_f</STRONG> (Thumb, 0 bytes, Stack size unknown bytes, C:\Users\davidross\AppData\Local\Keil_v5\ARM\ARMCLANG\Bin\..\lib\armlib\c_w.l(_printf_f.o)(.ARM.Collect$$_printf_percent$$00000003))
<BR><BR>[Stack]<UL><LI>Max Depth = 324 + Unknown Stack Size
<LI>Call Chain = _printf_f &rArr; _printf_fp_dec &rArr; _printf_fp_dec_real &rArr; _fp_digits &rArr; _btod_etento &rArr; _btod_emul &rArr; _e2e
</UL>
<BR>[Calls]<UL><LI><a href="#[bb]">&gt;&gt;</a>&nbsp;&nbsp;&nbsp;_printf_fp_dec
</UL>

<P><STRONG><a name="[bc]"></a>_printf_e</STRONG> (Thumb, 0 bytes, Stack size unknown bytes, C:\Users\davidross\AppData\Local\Keil_v5\ARM\ARMCLANG\Bin\..\lib\armlib\c_w.l(_printf_e.o)(.ARM.Collect$$_printf_percent$$00000004))
<BR><BR>[Stack]<UL><LI>Max Depth = 324 + Unknown Stack Size
<LI>Call Chain = _printf_e &rArr; _printf_fp_dec &rArr; _printf_fp_dec_real &rArr; _fp_digits &rArr; _btod_etento &rArr; _btod_emul &rArr; _e2e
</UL>
<BR>[Calls]<UL><LI><a href="#[bb]">&gt;&gt;</a>&nbsp;&nbsp;&nbsp;_printf_fp_dec
</UL>

<P><STRONG><a name="[bd]"></a>_printf_g</STRONG> (Thumb, 0 bytes, Stack size unknown bytes, C:\Users\davidross\AppData\Local\Keil_v5\ARM\ARMCLANG\Bin\..\lib\armlib\c_w.l(_printf_g.o)(.ARM.Collect$$_printf_percent$$00000005))
<BR><BR>[Stack]<UL><LI>Max Depth = 324 + Unknown Stack Size
<LI>Call Chain = _printf_g &rArr; _printf_fp_dec &rArr; _printf_fp_dec_real &rArr; _fp_digits &rArr; _btod_etento &rArr; _btod_emul &rArr; _e2e
</UL>
<BR>[Calls]<UL><LI><a href="#[bb]">&gt;&gt;</a>&nbsp;&nbsp;&nbsp;_printf_fp_dec
</UL>

<P><STRONG><a name="[be]"></a>_printf_a</STRONG> (Thumb, 0 bytes, Stack size unknown bytes, C:\Users\davidross\AppData\Local\Keil_v5\ARM\ARMCLANG\Bin\..\lib\armlib\c_w.l(_printf_a.o)(.ARM.Collect$$_printf_percent$$00000006))
<BR><BR>[Stack]<UL><LI>Max Depth = 112 + Unknown Stack Size
<LI>Call Chain = _printf_a &rArr; _printf_fp_hex &rArr; _printf_fp_hex_real &rArr; _printf_fp_infnan &rArr; _printf_post_padding
</UL>
<BR>[Calls]<UL><LI><a href="#[bf]">&gt;&gt;</a>&nbsp;&nbsp;&nbsp;_printf_fp_hex
</UL>

<P><STRONG><a name="[1ab]"></a>_printf_ll</STRONG> (Thumb, 0 bytes, Stack size unknown bytes, C:\Users\davidross\AppData\Local\Keil_v5\ARM\ARMCLANG\Bin\..\lib\armlib\c_w.l(_printf_ll.o)(.ARM.Collect$$_printf_percent$$00000007))

<P><STRONG><a name="[c0]"></a>_printf_i</STRONG> (Thumb, 0 bytes, Stack size unknown bytes, C:\Users\davidross\AppData\Local\Keil_v5\ARM\ARMCLANG\Bin\..\lib\armlib\c_w.l(_printf_i.o)(.ARM.Collect$$_printf_percent$$00000008))
<BR><BR>[Stack]<UL><LI>Max Depth = 72 + Unknown Stack Size
<LI>Call Chain = _printf_i &rArr; _printf_int_dec &rArr; _printf_int_common &rArr; _printf_post_padding
</UL>
<BR>[Calls]<UL><LI><a href="#[c1]">&gt;&gt;</a>&nbsp;&nbsp;&nbsp;_printf_int_dec
</UL>

<P><STRONG><a name="[c2]"></a>_printf_d</STRONG> (Thumb, 0 bytes, Stack size unknown bytes, C:\Users\davidross\AppData\Local\Keil_v5\ARM\ARMCLANG\Bin\..\lib\armlib\c_w.l(_printf_d.o)(.ARM.Collect$$_printf_percent$$00000009))
<BR><BR>[Stack]<UL><LI>Max Depth = 72 + Unknown Stack Size
<LI>Call Chain = _printf_d &rArr; _printf_int_dec &rArr; _printf_int_common &rArr; _printf_post_padding
</UL>
<BR>[Calls]<UL><LI><a href="#[c1]">&gt;&gt;</a>&nbsp;&nbsp;&nbsp;_printf_int_dec
</UL>

<P><STRONG><a name="[c3]"></a>_printf_u</STRONG> (Thumb, 0 bytes, Stack size unknown bytes, C:\Users\davidross\AppData\Local\Keil_v5\ARM\ARMCLANG\Bin\..\lib\armlib\c_w.l(_printf_u.o)(.ARM.Collect$$_printf_percent$$0000000A))
<BR><BR>[Stack]<UL><LI>Max Depth = 72 + Unknown Stack Size
<LI>Call Chain = _printf_u &rArr; _printf_int_dec &rArr; _printf_int_common &rArr; _printf_post_padding
</UL>
<BR>[Calls]<UL><LI><a href="#[c1]">&gt;&gt;</a>&nbsp;&nbsp;&nbsp;_printf_int_dec
</UL>

<P><STRONG><a name="[c4]"></a>_printf_o</STRONG> (Thumb, 0 bytes, Stack size unknown bytes, C:\Users\davidross\AppData\Local\Keil_v5\ARM\ARMCLANG\Bin\..\lib\armlib\c_w.l(_printf_o.o)(.ARM.Collect$$_printf_percent$$0000000B))
<BR><BR>[Stack]<UL><LI>Max Depth = 64 + Unknown Stack Size
<LI>Call Chain = _printf_o &rArr; _printf_int_oct &rArr; _printf_longlong_oct &rArr; _printf_int_common &rArr; _printf_post_padding
</UL>
<BR>[Calls]<UL><LI><a href="#[c5]">&gt;&gt;</a>&nbsp;&nbsp;&nbsp;_printf_int_oct
</UL>

<P><STRONG><a name="[c6]"></a>_printf_x</STRONG> (Thumb, 0 bytes, Stack size unknown bytes, C:\Users\davidross\AppData\Local\Keil_v5\ARM\ARMCLANG\Bin\..\lib\armlib\c_w.l(_printf_x.o)(.ARM.Collect$$_printf_percent$$0000000C))
<BR><BR>[Stack]<UL><LI>Max Depth = 80 + Unknown Stack Size
<LI>Call Chain = _printf_x &rArr; _printf_int_hex &rArr; _printf_longlong_hex &rArr; _printf_int_common &rArr; _printf_post_padding
</UL>
<BR>[Calls]<UL><LI><a href="#[c7]">&gt;&gt;</a>&nbsp;&nbsp;&nbsp;_printf_int_hex
</UL>

<P><STRONG><a name="[c8]"></a>_printf_lli</STRONG> (Thumb, 0 bytes, Stack size unknown bytes, C:\Users\davidross\AppData\Local\Keil_v5\ARM\ARMCLANG\Bin\..\lib\armlib\c_w.l(_printf_lli.o)(.ARM.Collect$$_printf_percent$$0000000D))
<BR><BR>[Stack]<UL><LI>Max Depth = 72 + Unknown Stack Size
<LI>Call Chain = _printf_lli &rArr; _printf_longlong_dec &rArr; _printf_int_common &rArr; _printf_post_padding
</UL>
<BR>[Calls]<UL><LI><a href="#[c9]">&gt;&gt;</a>&nbsp;&nbsp;&nbsp;_printf_longlong_dec
</UL>

<P><STRONG><a name="[ca]"></a>_printf_lld</STRONG> (Thumb, 0 bytes, Stack size unknown bytes, C:\Users\davidross\AppData\Local\Keil_v5\ARM\ARMCLANG\Bin\..\lib\armlib\c_w.l(_printf_lld.o)(.ARM.Collect$$_printf_percent$$0000000E))
<BR><BR>[Stack]<UL><LI>Max Depth = 72 + Unknown Stack Size
<LI>Call Chain = _printf_lld &rArr; _printf_longlong_dec &rArr; _printf_int_common &rArr; _printf_post_padding
</UL>
<BR>[Calls]<UL><LI><a href="#[c9]">&gt;&gt;</a>&nbsp;&nbsp;&nbsp;_printf_longlong_dec
</UL>

<P><STRONG><a name="[cb]"></a>_printf_llu</STRONG> (Thumb, 0 bytes, Stack size unknown bytes, C:\Users\davidross\AppData\Local\Keil_v5\ARM\ARMCLANG\Bin\..\lib\armlib\c_w.l(_printf_llu.o)(.ARM.Collect$$_printf_percent$$0000000F))
<BR><BR>[Stack]<UL><LI>Max Depth = 72 + Unknown Stack Size
<LI>Call Chain = _printf_llu &rArr; _printf_longlong_dec &rArr; _printf_int_common &rArr; _printf_post_padding
</UL>
<BR>[Calls]<UL><LI><a href="#[c9]">&gt;&gt;</a>&nbsp;&nbsp;&nbsp;_printf_longlong_dec
</UL>

<P><STRONG><a name="[cc]"></a>_printf_llo</STRONG> (Thumb, 0 bytes, Stack size unknown bytes, C:\Users\davidross\AppData\Local\Keil_v5\ARM\ARMCLANG\Bin\..\lib\armlib\c_w.l(_printf_llo.o)(.ARM.Collect$$_printf_percent$$00000010))
<BR><BR>[Stack]<UL><LI>Max Depth = 56 + Unknown Stack Size
<LI>Call Chain = _printf_llo &rArr; _printf_ll_oct &rArr; _printf_longlong_oct &rArr; _printf_int_common &rArr; _printf_post_padding
</UL>
<BR>[Calls]<UL><LI><a href="#[cd]">&gt;&gt;</a>&nbsp;&nbsp;&nbsp;_printf_ll_oct
</UL>

<P><STRONG><a name="[ce]"></a>_printf_llx</STRONG> (Thumb, 0 bytes, Stack size unknown bytes, C:\Users\davidross\AppData\Local\Keil_v5\ARM\ARMCLANG\Bin\..\lib\armlib\c_w.l(_printf_llx.o)(.ARM.Collect$$_printf_percent$$00000011))
<BR><BR>[Stack]<UL><LI>Max Depth = 64 + Unknown Stack Size
<LI>Call Chain = _printf_llx &rArr; _printf_ll_hex &rArr; _printf_longlong_hex &rArr; _printf_int_common &rArr; _printf_post_padding
</UL>
<BR>[Calls]<UL><LI><a href="#[cf]">&gt;&gt;</a>&nbsp;&nbsp;&nbsp;_printf_ll_hex
</UL>

<P><STRONG><a name="[1ac]"></a>_printf_l</STRONG> (Thumb, 0 bytes, Stack size unknown bytes, C:\Users\davidross\AppData\Local\Keil_v5\ARM\ARMCLANG\Bin\..\lib\armlib\c_w.l(_printf_l.o)(.ARM.Collect$$_printf_percent$$00000012))

<P><STRONG><a name="[d0]"></a>_printf_c</STRONG> (Thumb, 0 bytes, Stack size unknown bytes, C:\Users\davidross\AppData\Local\Keil_v5\ARM\ARMCLANG\Bin\..\lib\armlib\c_w.l(_printf_c.o)(.ARM.Collect$$_printf_percent$$00000013))
<BR><BR>[Stack]<UL><LI>Max Depth = 40 + Unknown Stack Size
<LI>Call Chain = _printf_c &rArr; _printf_char &rArr; _printf_cs_common &rArr; _printf_str &rArr; _printf_post_padding
</UL>
<BR>[Calls]<UL><LI><a href="#[d1]">&gt;&gt;</a>&nbsp;&nbsp;&nbsp;_printf_char
</UL>

<P><STRONG><a name="[d2]"></a>_printf_s</STRONG> (Thumb, 0 bytes, Stack size unknown bytes, C:\Users\davidross\AppData\Local\Keil_v5\ARM\ARMCLANG\Bin\..\lib\armlib\c_w.l(_printf_s.o)(.ARM.Collect$$_printf_percent$$00000014))
<BR><BR>[Stack]<UL><LI>Max Depth = 40 + Unknown Stack Size
<LI>Call Chain = _printf_s &rArr; _printf_string &rArr; _printf_cs_common &rArr; _printf_str &rArr; _printf_post_padding
</UL>
<BR>[Calls]<UL><LI><a href="#[d3]">&gt;&gt;</a>&nbsp;&nbsp;&nbsp;_printf_string
</UL>

<P><STRONG><a name="[d4]"></a>_printf_lc</STRONG> (Thumb, 0 bytes, Stack size unknown bytes, C:\Users\davidross\AppData\Local\Keil_v5\ARM\ARMCLANG\Bin\..\lib\armlib\c_w.l(_printf_lc.o)(.ARM.Collect$$_printf_percent$$00000015))
<BR><BR>[Stack]<UL><LI>Max Depth = 88 + Unknown Stack Size
<LI>Call Chain = _printf_lc &rArr; _printf_wchar &rArr; _printf_lcs_common &rArr; _printf_wctomb &rArr; _wcrtomb
</UL>
<BR>[Calls]<UL><LI><a href="#[d5]">&gt;&gt;</a>&nbsp;&nbsp;&nbsp;_printf_wchar
</UL>

<P><STRONG><a name="[d6]"></a>_printf_ls</STRONG> (Thumb, 0 bytes, Stack size unknown bytes, C:\Users\davidross\AppData\Local\Keil_v5\ARM\ARMCLANG\Bin\..\lib\armlib\c_w.l(_printf_ls.o)(.ARM.Collect$$_printf_percent$$00000016))
<BR><BR>[Stack]<UL><LI>Max Depth = 88 + Unknown Stack Size
<LI>Call Chain = _printf_ls &rArr; _printf_wstring &rArr; _printf_lcs_common &rArr; _printf_wctomb &rArr; _wcrtomb
</UL>
<BR>[Calls]<UL><LI><a href="#[d7]">&gt;&gt;</a>&nbsp;&nbsp;&nbsp;_printf_wstring
</UL>

<P><STRONG><a name="[1ad]"></a>_printf_percent_end</STRONG> (Thumb, 0 bytes, Stack size unknown bytes, C:\Users\davidross\AppData\Local\Keil_v5\ARM\ARMCLANG\Bin\..\lib\armlib\c_w.l(_printf_percent_end.o)(.ARM.Collect$$_printf_percent$$00000017))

<P><STRONG><a name="[13f]"></a>$Super$$__rt_lib_init</STRONG> (Thumb, 0 bytes, Stack size unknown bytes, C:\Users\davidross\AppData\Local\Keil_v5\ARM\ARMCLANG\Bin\..\lib\armlib\c_w.l(libinit.o)(.ARM.Collect$$libinit$$00000000))
<BR><BR>[Called By]<UL><LI><a href="#[e6]">&gt;&gt;</a>&nbsp;&nbsp;&nbsp;__rt_lib_init
</UL>

<P><STRONG><a name="[d8]"></a>__rt_lib_init_fp_1</STRONG> (Thumb, 0 bytes, Stack size unknown bytes, C:\Users\davidross\AppData\Local\Keil_v5\ARM\ARMCLANG\Bin\..\lib\armlib\c_w.l(libinit2.o)(.ARM.Collect$$libinit$$00000001))
<BR><BR>[Calls]<UL><LI><a href="#[d9]">&gt;&gt;</a>&nbsp;&nbsp;&nbsp;_fp_init
</UL>

<P><STRONG><a name="[da]"></a>__rt_lib_init_heap_2</STRONG> (Thumb, 0 bytes, Stack size unknown bytes, C:\Users\davidross\AppData\Local\Keil_v5\ARM\ARMCLANG\Bin\..\lib\armlib\c_w.l(libinit2.o)(.ARM.Collect$$libinit$$00000007))
<BR><BR>[Stack]<UL><LI>Max Depth = 96 + Unknown Stack Size
<LI>Call Chain = __rt_lib_init_heap_2 &rArr; _init_alloc &rArr; __rt_SIGRTMEM &rArr; __rt_SIGRTMEM_inner &rArr; __default_signal_display &rArr; _ttywrch &rArr; __cxa_guard_release &rArr; mbed_assert_internal &rArr;  mbed_error (Cycle)
</UL>
<BR>[Calls]<UL><LI><a href="#[db]">&gt;&gt;</a>&nbsp;&nbsp;&nbsp;_init_alloc
</UL>

<P><STRONG><a name="[1ae]"></a>__rt_lib_init_preinit_1</STRONG> (Thumb, 0 bytes, Stack size unknown bytes, C:\Users\davidross\AppData\Local\Keil_v5\ARM\ARMCLANG\Bin\..\lib\armlib\c_w.l(libinit2.o)(.ARM.Collect$$libinit$$00000006))

<P><STRONG><a name="[1af]"></a>__rt_lib_init_relocate_pie_1</STRONG> (Thumb, 0 bytes, Stack size unknown bytes, C:\Users\davidross\AppData\Local\Keil_v5\ARM\ARMCLANG\Bin\..\lib\armlib\c_w.l(libinit2.o)(.ARM.Collect$$libinit$$00000004))

<P><STRONG><a name="[1b0]"></a>__rt_lib_init_heap_1</STRONG> (Thumb, 0 bytes, Stack size unknown bytes, C:\Users\davidross\AppData\Local\Keil_v5\ARM\ARMCLANG\Bin\..\lib\armlib\c_w.l(libinit2.o)(.ARM.Collect$$libinit$$0000000C))

<P><STRONG><a name="[dc]"></a>__rt_lib_init_lc_common</STRONG> (Thumb, 0 bytes, Stack size unknown bytes, C:\Users\davidross\AppData\Local\Keil_v5\ARM\ARMCLANG\Bin\..\lib\armlib\c_w.l(libinit2.o)(.ARM.Collect$$libinit$$00000011))
<BR><BR>[Calls]<UL><LI><a href="#[dd]">&gt;&gt;</a>&nbsp;&nbsp;&nbsp;__rt_locale
</UL>

<P><STRONG><a name="[1b1]"></a>__rt_lib_init_rand_1</STRONG> (Thumb, 0 bytes, Stack size unknown bytes, C:\Users\davidross\AppData\Local\Keil_v5\ARM\ARMCLANG\Bin\..\lib\armlib\c_w.l(libinit2.o)(.ARM.Collect$$libinit$$00000010))

<P><STRONG><a name="[1b2]"></a>__rt_lib_init_user_alloc_1</STRONG> (Thumb, 0 bytes, Stack size unknown bytes, C:\Users\davidross\AppData\Local\Keil_v5\ARM\ARMCLANG\Bin\..\lib\armlib\c_w.l(libinit2.o)(.ARM.Collect$$libinit$$0000000E))

<P><STRONG><a name="[1b3]"></a>__rt_lib_init_lc_collate_1</STRONG> (Thumb, 0 bytes, Stack size unknown bytes, C:\Users\davidross\AppData\Local\Keil_v5\ARM\ARMCLANG\Bin\..\lib\armlib\c_w.l(libinit2.o)(.ARM.Collect$$libinit$$00000013))

<P><STRONG><a name="[de]"></a>__rt_lib_init_lc_ctype_2</STRONG> (Thumb, 0 bytes, Stack size unknown bytes, C:\Users\davidross\AppData\Local\Keil_v5\ARM\ARMCLANG\Bin\..\lib\armlib\c_w.l(libinit2.o)(.ARM.Collect$$libinit$$00000014))
<BR><BR>[Stack]<UL><LI>Max Depth = 16 + Unknown Stack Size
<LI>Call Chain = __rt_lib_init_lc_ctype_2 &rArr; _get_lc_ctype &rArr; strcmp
</UL>
<BR>[Calls]<UL><LI><a href="#[92]">&gt;&gt;</a>&nbsp;&nbsp;&nbsp;_get_lc_ctype
</UL>

<P><STRONG><a name="[1b4]"></a>__rt_lib_init_lc_ctype_1</STRONG> (Thumb, 0 bytes, Stack size unknown bytes, C:\Users\davidross\AppData\Local\Keil_v5\ARM\ARMCLANG\Bin\..\lib\armlib\c_w.l(libinit2.o)(.ARM.Collect$$libinit$$00000015))

<P><STRONG><a name="[1b5]"></a>__rt_lib_init_lc_monetary_1</STRONG> (Thumb, 0 bytes, Stack size unknown bytes, C:\Users\davidross\AppData\Local\Keil_v5\ARM\ARMCLANG\Bin\..\lib\armlib\c_w.l(libinit2.o)(.ARM.Collect$$libinit$$00000017))

<P><STRONG><a name="[df]"></a>__rt_lib_init_lc_numeric_2</STRONG> (Thumb, 0 bytes, Stack size unknown bytes, C:\Users\davidross\AppData\Local\Keil_v5\ARM\ARMCLANG\Bin\..\lib\armlib\c_w.l(libinit2.o)(.ARM.Collect$$libinit$$00000018))
<BR><BR>[Stack]<UL><LI>Max Depth = 16 + Unknown Stack Size
<LI>Call Chain = __rt_lib_init_lc_numeric_2 &rArr; _get_lc_numeric &rArr; strcmp
</UL>
<BR>[Calls]<UL><LI><a href="#[e0]">&gt;&gt;</a>&nbsp;&nbsp;&nbsp;_get_lc_numeric
</UL>

<P><STRONG><a name="[1b6]"></a>__rt_lib_init_atexit_1</STRONG> (Thumb, 0 bytes, Stack size unknown bytes, C:\Users\davidross\AppData\Local\Keil_v5\ARM\ARMCLANG\Bin\..\lib\armlib\c_w.l(libinit2.o)(.ARM.Collect$$libinit$$0000001D))

<P><STRONG><a name="[1b7]"></a>__rt_lib_init_clock_1</STRONG> (Thumb, 0 bytes, Stack size unknown bytes, C:\Users\davidross\AppData\Local\Keil_v5\ARM\ARMCLANG\Bin\..\lib\armlib\c_w.l(libinit2.o)(.ARM.Collect$$libinit$$00000023))

<P><STRONG><a name="[1b8]"></a>__rt_lib_init_fp_trap_1</STRONG> (Thumb, 0 bytes, Stack size unknown bytes, C:\Users\davidross\AppData\Local\Keil_v5\ARM\ARMCLANG\Bin\..\lib\armlib\c_w.l(libinit2.o)(.ARM.Collect$$libinit$$00000021))

<P><STRONG><a name="[1b9]"></a>__rt_lib_init_getenv_1</STRONG> (Thumb, 0 bytes, Stack size unknown bytes, C:\Users\davidross\AppData\Local\Keil_v5\ARM\ARMCLANG\Bin\..\lib\armlib\c_w.l(libinit2.o)(.ARM.Collect$$libinit$$00000025))

<P><STRONG><a name="[1ba]"></a>__rt_lib_init_lc_numeric_1</STRONG> (Thumb, 0 bytes, Stack size unknown bytes, C:\Users\davidross\AppData\Local\Keil_v5\ARM\ARMCLANG\Bin\..\lib\armlib\c_w.l(libinit2.o)(.ARM.Collect$$libinit$$00000019))

<P><STRONG><a name="[1bb]"></a>__rt_lib_init_lc_time_1</STRONG> (Thumb, 0 bytes, Stack size unknown bytes, C:\Users\davidross\AppData\Local\Keil_v5\ARM\ARMCLANG\Bin\..\lib\armlib\c_w.l(libinit2.o)(.ARM.Collect$$libinit$$0000001B))

<P><STRONG><a name="[1bc]"></a>__rt_lib_init_signal_1</STRONG> (Thumb, 0 bytes, Stack size unknown bytes, C:\Users\davidross\AppData\Local\Keil_v5\ARM\ARMCLANG\Bin\..\lib\armlib\c_w.l(libinit2.o)(.ARM.Collect$$libinit$$0000001F))

<P><STRONG><a name="[e1]"></a>__rt_lib_init_stdio_2</STRONG> (Thumb, 0 bytes, Stack size unknown bytes, C:\Users\davidross\AppData\Local\Keil_v5\ARM\ARMCLANG\Bin\..\lib\armlib\c_w.l(libinit2.o)(.ARM.Collect$$libinit$$00000026))
<BR><BR>[Stack]<UL><LI>Max Depth = 176 + Unknown Stack Size
<LI>Call Chain = __rt_lib_init_stdio_2 &rArr; _initio &rArr; freopen &rArr; _fclose_internal &rArr; _fflush &rArr; _writebuf &rArr; _sys_write &rArr; mbed::mbed_file_handle(int) &rArr; __cxa_guard_release &rArr; mbed_assert_internal &rArr;  mbed_error (Cycle)
</UL>
<BR>[Calls]<UL><LI><a href="#[e2]">&gt;&gt;</a>&nbsp;&nbsp;&nbsp;_initio
</UL>

<P><STRONG><a name="[1bd]"></a>__rt_lib_init_alloca_1</STRONG> (Thumb, 0 bytes, Stack size unknown bytes, C:\Users\davidross\AppData\Local\Keil_v5\ARM\ARMCLANG\Bin\..\lib\armlib\c_w.l(libinit2.o)(.ARM.Collect$$libinit$$00000030))

<P><STRONG><a name="[1be]"></a>__rt_lib_init_argv_1</STRONG> (Thumb, 0 bytes, Stack size unknown bytes, C:\Users\davidross\AppData\Local\Keil_v5\ARM\ARMCLANG\Bin\..\lib\armlib\c_w.l(libinit2.o)(.ARM.Collect$$libinit$$0000002E))

<P><STRONG><a name="[1bf]"></a>__rt_lib_init_cpp_1</STRONG> (Thumb, 0 bytes, Stack size unknown bytes, C:\Users\davidross\AppData\Local\Keil_v5\ARM\ARMCLANG\Bin\..\lib\armlib\c_w.l(libinit2.o)(.ARM.Collect$$libinit$$00000034))

<P><STRONG><a name="[1c0]"></a>__rt_lib_init_exceptions_1</STRONG> (Thumb, 0 bytes, Stack size unknown bytes, C:\Users\davidross\AppData\Local\Keil_v5\ARM\ARMCLANG\Bin\..\lib\armlib\c_w.l(libinit2.o)(.ARM.Collect$$libinit$$00000032))

<P><STRONG><a name="[1c1]"></a>__rt_lib_init_return</STRONG> (Thumb, 0 bytes, Stack size unknown bytes, C:\Users\davidross\AppData\Local\Keil_v5\ARM\ARMCLANG\Bin\..\lib\armlib\c_w.l(libinit2.o)(.ARM.Collect$$libinit$$00000035))

<P><STRONG><a name="[1c2]"></a>__rt_lib_init_stdio_1</STRONG> (Thumb, 0 bytes, Stack size unknown bytes, C:\Users\davidross\AppData\Local\Keil_v5\ARM\ARMCLANG\Bin\..\lib\armlib\c_w.l(libinit2.o)(.ARM.Collect$$libinit$$00000027))

<P><STRONG><a name="[b3]"></a>__rt_entry</STRONG> (Thumb, 0 bytes, Stack size unknown bytes, C:\Users\davidross\AppData\Local\Keil_v5\ARM\ARMCLANG\Bin\..\lib\armlib\c_w.l(__rtentry.o)(.ARM.Collect$$rtentry$$00000000))
<BR><BR>[Called By]<UL><LI><a href="#[62]">&gt;&gt;</a>&nbsp;&nbsp;&nbsp;__main
<LI><a href="#[b4]">&gt;&gt;</a>&nbsp;&nbsp;&nbsp;__scatterload_rt2
</UL>

<P><STRONG><a name="[1c3]"></a>__rt_entry_presh_1</STRONG> (Thumb, 0 bytes, Stack size unknown bytes, C:\Users\davidross\AppData\Local\Keil_v5\ARM\ARMCLANG\Bin\..\lib\armlib\c_w.l(__rtentry2.o)(.ARM.Collect$$rtentry$$00000002))

<P><STRONG><a name="[1c4]"></a>__rt_entry_sh</STRONG> (Thumb, 0 bytes, Stack size unknown bytes, C:\Users\davidross\AppData\Local\Keil_v5\ARM\ARMCLANG\Bin\..\lib\armlib\c_w.l(__rtentry7.o)(.ARM.Collect$$rtentry$$00000007))

<P><STRONG><a name="[1c5]"></a>__rt_lib_shutdown_stdio_2</STRONG> (Thumb, 0 bytes, Stack size unknown bytes, C:\Users\davidross\AppData\Local\Keil_v5\ARM\ARMCLANG\Bin\..\lib\armlib\c_w.l(libshutdown2.o)(.ARM.Collect$$libshutdown$$00000004))

<P><STRONG><a name="[e3]"></a>__rt_entry_postsh_1</STRONG> (Thumb, 0 bytes, Stack size unknown bytes, C:\Users\davidross\AppData\Local\Keil_v5\ARM\ARMCLANG\Bin\..\lib\armlib\c_w.l(__rtentry2.o)(.ARM.Collect$$rtentry$$00000008))
<BR><BR>[Stack]<UL><LI>Max Depth = 216 + Unknown Stack Size
<LI>Call Chain = __rt_entry_postsh_1 &rArr; _platform_post_stackheap_init &rArr; mbed_sdk_init &rArr; BOARD_BootClockRUN &rArr; CLOCK_BootToPeeMode &rArr; __aeabi_assert &rArr; __assert_puts &rArr; fflush &rArr; _do_fflush &rArr; _fflush &rArr; _writebuf &rArr; _sys_write &rArr; mbed::mbed_file_handle(int) &rArr; __cxa_guard_release &rArr; mbed_assert_internal &rArr;  mbed_error (Cycle)
</UL>
<BR>[Calls]<UL><LI><a href="#[e4]">&gt;&gt;</a>&nbsp;&nbsp;&nbsp;_platform_post_stackheap_init
</UL>

<P><STRONG><a name="[e5]"></a>__rt_entry_li</STRONG> (Thumb, 0 bytes, Stack size unknown bytes, C:\Users\davidross\AppData\Local\Keil_v5\ARM\ARMCLANG\Bin\..\lib\armlib\c_w.l(__rtentry2.o)(.ARM.Collect$$rtentry$$0000000A))
<BR><BR>[Calls]<UL><LI><a href="#[e6]">&gt;&gt;</a>&nbsp;&nbsp;&nbsp;__rt_lib_init
</UL>

<P><STRONG><a name="[e7]"></a>__rt_entry_main</STRONG> (Thumb, 0 bytes, Stack size unknown bytes, C:\Users\davidross\AppData\Local\Keil_v5\ARM\ARMCLANG\Bin\..\lib\armlib\c_w.l(__rtentry2.o)(.ARM.Collect$$rtentry$$0000000D))
<BR><BR>[Stack]<UL><LI>Max Depth = 464 + Unknown Stack Size
<LI>Call Chain = __rt_entry_main &rArr; exit &rArr; mbed_die &rArr; _wait_us_generic &rArr; ticker_read &rArr; initialize &rArr; mbed_error &rArr; print_error_report &rArr; mbed_error_printf &rArr; mbed_error_vprintf &rArr; vsnprintf &rArr; _printf_char_common &rArr; __printf
</UL>
<BR>[Calls]<UL><LI><a href="#[e8]">&gt;&gt;</a>&nbsp;&nbsp;&nbsp;main
<LI><a href="#[e9]">&gt;&gt;</a>&nbsp;&nbsp;&nbsp;exit
</UL>

<P><STRONG><a name="[1c6]"></a>__rt_entry_postli_1</STRONG> (Thumb, 0 bytes, Stack size unknown bytes, C:\Users\davidross\AppData\Local\Keil_v5\ARM\ARMCLANG\Bin\..\lib\armlib\c_w.l(__rtentry2.o)(.ARM.Collect$$rtentry$$0000000C))

<P><STRONG><a name="[2]"></a>HardFault_Handler</STRONG> (Thumb, 6 bytes, Stack size 0 bytes, .\build\except.o(.text))
<BR><BR>[Stack]<UL><LI>Max Depth = 400 + Unknown Stack Size
<LI>Call Chain = HardFault_Handler &rArr; Fault_Handler &rArr; mbed_fault_handler &rArr; mbed_error &rArr; print_error_report &rArr; mbed_error_printf &rArr; mbed_error_vprintf &rArr; vsnprintf &rArr; _printf_char_common &rArr; __printf
</UL>
<BR>[Calls]<UL><LI><a href="#[ea]">&gt;&gt;</a>&nbsp;&nbsp;&nbsp;Fault_Handler
</UL>
<BR>[Address Reference Count : 1]<UL><LI> startup_mk64f12.o(RESET)
</UL>
<P><STRONG><a name="[3]"></a>MemManage_Handler</STRONG> (Thumb, 6 bytes, Stack size 0 bytes, .\build\except.o(.text))
<BR><BR>[Stack]<UL><LI>Max Depth = 400 + Unknown Stack Size
<LI>Call Chain = MemManage_Handler &rArr; Fault_Handler &rArr; mbed_fault_handler &rArr; mbed_error &rArr; print_error_report &rArr; mbed_error_printf &rArr; mbed_error_vprintf &rArr; vsnprintf &rArr; _printf_char_common &rArr; __printf
</UL>
<BR>[Calls]<UL><LI><a href="#[ea]">&gt;&gt;</a>&nbsp;&nbsp;&nbsp;Fault_Handler
</UL>
<BR>[Address Reference Count : 1]<UL><LI> startup_mk64f12.o(RESET)
</UL>
<P><STRONG><a name="[4]"></a>BusFault_Handler</STRONG> (Thumb, 6 bytes, Stack size 0 bytes, .\build\except.o(.text))
<BR><BR>[Stack]<UL><LI>Max Depth = 400 + Unknown Stack Size
<LI>Call Chain = BusFault_Handler &rArr; Fault_Handler &rArr; mbed_fault_handler &rArr; mbed_error &rArr; print_error_report &rArr; mbed_error_printf &rArr; mbed_error_vprintf &rArr; vsnprintf &rArr; _printf_char_common &rArr; __printf
</UL>
<BR>[Calls]<UL><LI><a href="#[ea]">&gt;&gt;</a>&nbsp;&nbsp;&nbsp;Fault_Handler
</UL>
<BR>[Address Reference Count : 1]<UL><LI> startup_mk64f12.o(RESET)
</UL>
<P><STRONG><a name="[5]"></a>UsageFault_Handler</STRONG> (Thumb, 6 bytes, Stack size 0 bytes, .\build\except.o(.text))
<BR>[Address Reference Count : 1]<UL><LI> startup_mk64f12.o(RESET)
</UL>
<P><STRONG><a name="[ea]"></a>Fault_Handler</STRONG> (Thumb, 170 bytes, Stack size 0 bytes, .\build\except.o(.text))
<BR><BR>[Stack]<UL><LI>Max Depth = 400 + Unknown Stack Size
<LI>Call Chain = Fault_Handler &rArr; mbed_fault_handler &rArr; mbed_error &rArr; print_error_report &rArr; mbed_error_printf &rArr; mbed_error_vprintf &rArr; vsnprintf &rArr; _printf_char_common &rArr; __printf
</UL>
<BR>[Calls]<UL><LI><a href="#[eb]">&gt;&gt;</a>&nbsp;&nbsp;&nbsp;mbed_fault_handler
</UL>
<BR>[Called By]<UL><LI><a href="#[4]">&gt;&gt;</a>&nbsp;&nbsp;&nbsp;BusFault_Handler
<LI><a href="#[3]">&gt;&gt;</a>&nbsp;&nbsp;&nbsp;MemManage_Handler
<LI><a href="#[2]">&gt;&gt;</a>&nbsp;&nbsp;&nbsp;HardFault_Handler
</UL>

<P><STRONG><a name="[0]"></a>Reset_Handler</STRONG> (Thumb, 18 bytes, Stack size 0 bytes, .\build\startup_mk64f12.o(.text))
<BR>[Address Reference Count : 1]<UL><LI> startup_mk64f12.o(RESET)
</UL>
<P><STRONG><a name="[6]"></a>SVC_Handler</STRONG> (Thumb, 2 bytes, Stack size 0 bytes, .\build\startup_mk64f12.o(.text))
<BR><BR>[Calls]<UL><LI><a href="#[6]">&gt;&gt;</a>&nbsp;&nbsp;&nbsp;SVC_Handler
</UL>
<BR>[Called By]<UL><LI><a href="#[6]">&gt;&gt;</a>&nbsp;&nbsp;&nbsp;SVC_Handler
</UL>
<BR>[Address Reference Count : 1]<UL><LI> startup_mk64f12.o(RESET)
</UL>
<P><STRONG><a name="[7]"></a>DebugMon_Handler</STRONG> (Thumb, 2 bytes, Stack size 0 bytes, .\build\startup_mk64f12.o(.text))
<BR><BR>[Calls]<UL><LI><a href="#[7]">&gt;&gt;</a>&nbsp;&nbsp;&nbsp;DebugMon_Handler
</UL>
<BR>[Called By]<UL><LI><a href="#[7]">&gt;&gt;</a>&nbsp;&nbsp;&nbsp;DebugMon_Handler
</UL>
<BR>[Address Reference Count : 1]<UL><LI> startup_mk64f12.o(RESET)
</UL>
<P><STRONG><a name="[8]"></a>PendSV_Handler</STRONG> (Thumb, 2 bytes, Stack size 0 bytes, .\build\startup_mk64f12.o(.text))
<BR><BR>[Calls]<UL><LI><a href="#[8]">&gt;&gt;</a>&nbsp;&nbsp;&nbsp;PendSV_Handler
</UL>
<BR>[Called By]<UL><LI><a href="#[8]">&gt;&gt;</a>&nbsp;&nbsp;&nbsp;PendSV_Handler
</UL>
<BR>[Address Reference Count : 1]<UL><LI> startup_mk64f12.o(RESET)
</UL>
<P><STRONG><a name="[9]"></a>SysTick_Handler</STRONG> (Thumb, 2 bytes, Stack size 0 bytes, .\build\startup_mk64f12.o(.text))
<BR><BR>[Calls]<UL><LI><a href="#[9]">&gt;&gt;</a>&nbsp;&nbsp;&nbsp;SysTick_Handler
</UL>
<BR>[Called By]<UL><LI><a href="#[9]">&gt;&gt;</a>&nbsp;&nbsp;&nbsp;SysTick_Handler
</UL>
<BR>[Address Reference Count : 1]<UL><LI> startup_mk64f12.o(RESET)
</UL>
<P><STRONG><a name="[a]"></a>DMA0_IRQHandler</STRONG> (Thumb, 4 bytes, Stack size 0 bytes, .\build\startup_mk64f12.o(.text))
<BR>[Address Reference Count : 1]<UL><LI> startup_mk64f12.o(RESET)
</UL>
<P><STRONG><a name="[b]"></a>DMA1_IRQHandler</STRONG> (Thumb, 4 bytes, Stack size 0 bytes, .\build\startup_mk64f12.o(.text))
<BR>[Address Reference Count : 1]<UL><LI> startup_mk64f12.o(RESET)
</UL>
<P><STRONG><a name="[c]"></a>DMA2_IRQHandler</STRONG> (Thumb, 4 bytes, Stack size 0 bytes, .\build\startup_mk64f12.o(.text))
<BR>[Address Reference Count : 1]<UL><LI> startup_mk64f12.o(RESET)
</UL>
<P><STRONG><a name="[d]"></a>DMA3_IRQHandler</STRONG> (Thumb, 4 bytes, Stack size 0 bytes, .\build\startup_mk64f12.o(.text))
<BR>[Address Reference Count : 1]<UL><LI> startup_mk64f12.o(RESET)
</UL>
<P><STRONG><a name="[e]"></a>DMA4_IRQHandler</STRONG> (Thumb, 4 bytes, Stack size 0 bytes, .\build\startup_mk64f12.o(.text))
<BR>[Address Reference Count : 1]<UL><LI> startup_mk64f12.o(RESET)
</UL>
<P><STRONG><a name="[f]"></a>DMA5_IRQHandler</STRONG> (Thumb, 4 bytes, Stack size 0 bytes, .\build\startup_mk64f12.o(.text))
<BR>[Address Reference Count : 1]<UL><LI> startup_mk64f12.o(RESET)
</UL>
<P><STRONG><a name="[10]"></a>DMA6_IRQHandler</STRONG> (Thumb, 4 bytes, Stack size 0 bytes, .\build\startup_mk64f12.o(.text))
<BR>[Address Reference Count : 1]<UL><LI> startup_mk64f12.o(RESET)
</UL>
<P><STRONG><a name="[11]"></a>DMA7_IRQHandler</STRONG> (Thumb, 4 bytes, Stack size 0 bytes, .\build\startup_mk64f12.o(.text))
<BR>[Address Reference Count : 1]<UL><LI> startup_mk64f12.o(RESET)
</UL>
<P><STRONG><a name="[12]"></a>DMA8_IRQHandler</STRONG> (Thumb, 4 bytes, Stack size 0 bytes, .\build\startup_mk64f12.o(.text))
<BR>[Address Reference Count : 1]<UL><LI> startup_mk64f12.o(RESET)
</UL>
<P><STRONG><a name="[13]"></a>DMA9_IRQHandler</STRONG> (Thumb, 4 bytes, Stack size 0 bytes, .\build\startup_mk64f12.o(.text))
<BR>[Address Reference Count : 1]<UL><LI> startup_mk64f12.o(RESET)
</UL>
<P><STRONG><a name="[14]"></a>DMA10_IRQHandler</STRONG> (Thumb, 4 bytes, Stack size 0 bytes, .\build\startup_mk64f12.o(.text))
<BR>[Address Reference Count : 1]<UL><LI> startup_mk64f12.o(RESET)
</UL>
<P><STRONG><a name="[15]"></a>DMA11_IRQHandler</STRONG> (Thumb, 4 bytes, Stack size 0 bytes, .\build\startup_mk64f12.o(.text))
<BR>[Address Reference Count : 1]<UL><LI> startup_mk64f12.o(RESET)
</UL>
<P><STRONG><a name="[16]"></a>DMA12_IRQHandler</STRONG> (Thumb, 4 bytes, Stack size 0 bytes, .\build\startup_mk64f12.o(.text))
<BR>[Address Reference Count : 1]<UL><LI> startup_mk64f12.o(RESET)
</UL>
<P><STRONG><a name="[17]"></a>DMA13_IRQHandler</STRONG> (Thumb, 4 bytes, Stack size 0 bytes, .\build\startup_mk64f12.o(.text))
<BR>[Address Reference Count : 1]<UL><LI> startup_mk64f12.o(RESET)
</UL>
<P><STRONG><a name="[18]"></a>DMA14_IRQHandler</STRONG> (Thumb, 4 bytes, Stack size 0 bytes, .\build\startup_mk64f12.o(.text))
<BR>[Address Reference Count : 1]<UL><LI> startup_mk64f12.o(RESET)
</UL>
<P><STRONG><a name="[19]"></a>DMA15_IRQHandler</STRONG> (Thumb, 4 bytes, Stack size 0 bytes, .\build\startup_mk64f12.o(.text))
<BR>[Address Reference Count : 1]<UL><LI> startup_mk64f12.o(RESET)
</UL>
<P><STRONG><a name="[1a]"></a>DMA_Error_IRQHandler</STRONG> (Thumb, 4 bytes, Stack size 0 bytes, .\build\startup_mk64f12.o(.text))
<BR>[Address Reference Count : 1]<UL><LI> startup_mk64f12.o(RESET)
</UL>
<P><STRONG><a name="[22]"></a>I2C0_IRQHandler</STRONG> (Thumb, 4 bytes, Stack size 0 bytes, .\build\startup_mk64f12.o(.text))
<BR>[Address Reference Count : 1]<UL><LI> startup_mk64f12.o(RESET)
</UL>
<P><STRONG><a name="[23]"></a>I2C1_IRQHandler</STRONG> (Thumb, 4 bytes, Stack size 0 bytes, .\build\startup_mk64f12.o(.text))
<BR>[Address Reference Count : 1]<UL><LI> startup_mk64f12.o(RESET)
</UL>
<P><STRONG><a name="[24]"></a>SPI0_IRQHandler</STRONG> (Thumb, 4 bytes, Stack size 0 bytes, .\build\startup_mk64f12.o(.text))
<BR>[Address Reference Count : 1]<UL><LI> startup_mk64f12.o(RESET)
</UL>
<P><STRONG><a name="[25]"></a>SPI1_IRQHandler</STRONG> (Thumb, 4 bytes, Stack size 0 bytes, .\build\startup_mk64f12.o(.text))
<BR>[Address Reference Count : 1]<UL><LI> startup_mk64f12.o(RESET)
</UL>
<P><STRONG><a name="[26]"></a>I2S0_Tx_IRQHandler</STRONG> (Thumb, 4 bytes, Stack size 0 bytes, .\build\startup_mk64f12.o(.text))
<BR>[Address Reference Count : 1]<UL><LI> startup_mk64f12.o(RESET)
</UL>
<P><STRONG><a name="[27]"></a>I2S0_Rx_IRQHandler</STRONG> (Thumb, 4 bytes, Stack size 0 bytes, .\build\startup_mk64f12.o(.text))
<BR>[Address Reference Count : 1]<UL><LI> startup_mk64f12.o(RESET)
</UL>
<P><STRONG><a name="[28]"></a>UART0_LON_IRQHandler</STRONG> (Thumb, 4 bytes, Stack size 0 bytes, .\build\startup_mk64f12.o(.text))
<BR>[Address Reference Count : 1]<UL><LI> startup_mk64f12.o(RESET)
</UL>
<P><STRONG><a name="[29]"></a>UART0_RX_TX_IRQHandler</STRONG> (Thumb, 4 bytes, Stack size 0 bytes, .\build\startup_mk64f12.o(.text))
<BR>[Address Reference Count : 1]<UL><LI> startup_mk64f12.o(RESET)
</UL>
<P><STRONG><a name="[2a]"></a>UART0_ERR_IRQHandler</STRONG> (Thumb, 4 bytes, Stack size 0 bytes, .\build\startup_mk64f12.o(.text))
<BR>[Address Reference Count : 1]<UL><LI> startup_mk64f12.o(RESET)
</UL>
<P><STRONG><a name="[2b]"></a>UART1_RX_TX_IRQHandler</STRONG> (Thumb, 4 bytes, Stack size 0 bytes, .\build\startup_mk64f12.o(.text))
<BR>[Address Reference Count : 1]<UL><LI> startup_mk64f12.o(RESET)
</UL>
<P><STRONG><a name="[2c]"></a>UART1_ERR_IRQHandler</STRONG> (Thumb, 4 bytes, Stack size 0 bytes, .\build\startup_mk64f12.o(.text))
<BR>[Address Reference Count : 1]<UL><LI> startup_mk64f12.o(RESET)
</UL>
<P><STRONG><a name="[2d]"></a>UART2_RX_TX_IRQHandler</STRONG> (Thumb, 4 bytes, Stack size 0 bytes, .\build\startup_mk64f12.o(.text))
<BR>[Address Reference Count : 1]<UL><LI> startup_mk64f12.o(RESET)
</UL>
<P><STRONG><a name="[2e]"></a>UART2_ERR_IRQHandler</STRONG> (Thumb, 4 bytes, Stack size 0 bytes, .\build\startup_mk64f12.o(.text))
<BR>[Address Reference Count : 1]<UL><LI> startup_mk64f12.o(RESET)
</UL>
<P><STRONG><a name="[2f]"></a>UART3_RX_TX_IRQHandler</STRONG> (Thumb, 4 bytes, Stack size 0 bytes, .\build\startup_mk64f12.o(.text))
<BR>[Address Reference Count : 1]<UL><LI> startup_mk64f12.o(RESET)
</UL>
<P><STRONG><a name="[30]"></a>UART3_ERR_IRQHandler</STRONG> (Thumb, 4 bytes, Stack size 0 bytes, .\build\startup_mk64f12.o(.text))
<BR>[Address Reference Count : 1]<UL><LI> startup_mk64f12.o(RESET)
</UL>
<P><STRONG><a name="[4b]"></a>SPI2_IRQHandler</STRONG> (Thumb, 4 bytes, Stack size 0 bytes, .\build\startup_mk64f12.o(.text))
<BR>[Address Reference Count : 1]<UL><LI> startup_mk64f12.o(RESET)
</UL>
<P><STRONG><a name="[4c]"></a>UART4_RX_TX_IRQHandler</STRONG> (Thumb, 4 bytes, Stack size 0 bytes, .\build\startup_mk64f12.o(.text))
<BR>[Address Reference Count : 1]<UL><LI> startup_mk64f12.o(RESET)
</UL>
<P><STRONG><a name="[4d]"></a>UART4_ERR_IRQHandler</STRONG> (Thumb, 4 bytes, Stack size 0 bytes, .\build\startup_mk64f12.o(.text))
<BR>[Address Reference Count : 1]<UL><LI> startup_mk64f12.o(RESET)
</UL>
<P><STRONG><a name="[4e]"></a>UART5_RX_TX_IRQHandler</STRONG> (Thumb, 4 bytes, Stack size 0 bytes, .\build\startup_mk64f12.o(.text))
<BR>[Address Reference Count : 1]<UL><LI> startup_mk64f12.o(RESET)
</UL>
<P><STRONG><a name="[4f]"></a>UART5_ERR_IRQHandler</STRONG> (Thumb, 4 bytes, Stack size 0 bytes, .\build\startup_mk64f12.o(.text))
<BR>[Address Reference Count : 1]<UL><LI> startup_mk64f12.o(RESET)
</UL>
<P><STRONG><a name="[54]"></a>I2C2_IRQHandler</STRONG> (Thumb, 4 bytes, Stack size 0 bytes, .\build\startup_mk64f12.o(.text))
<BR>[Address Reference Count : 1]<UL><LI> startup_mk64f12.o(RESET)
</UL>
<P><STRONG><a name="[55]"></a>CAN0_ORed_Message_buffer_IRQHandler</STRONG> (Thumb, 4 bytes, Stack size 0 bytes, .\build\startup_mk64f12.o(.text))
<BR>[Address Reference Count : 1]<UL><LI> startup_mk64f12.o(RESET)
</UL>
<P><STRONG><a name="[56]"></a>CAN0_Bus_Off_IRQHandler</STRONG> (Thumb, 4 bytes, Stack size 0 bytes, .\build\startup_mk64f12.o(.text))
<BR>[Address Reference Count : 1]<UL><LI> startup_mk64f12.o(RESET)
</UL>
<P><STRONG><a name="[57]"></a>CAN0_Error_IRQHandler</STRONG> (Thumb, 4 bytes, Stack size 0 bytes, .\build\startup_mk64f12.o(.text))
<BR>[Address Reference Count : 1]<UL><LI> startup_mk64f12.o(RESET)
</UL>
<P><STRONG><a name="[58]"></a>CAN0_Tx_Warning_IRQHandler</STRONG> (Thumb, 4 bytes, Stack size 0 bytes, .\build\startup_mk64f12.o(.text))
<BR>[Address Reference Count : 1]<UL><LI> startup_mk64f12.o(RESET)
</UL>
<P><STRONG><a name="[59]"></a>CAN0_Rx_Warning_IRQHandler</STRONG> (Thumb, 4 bytes, Stack size 0 bytes, .\build\startup_mk64f12.o(.text))
<BR>[Address Reference Count : 1]<UL><LI> startup_mk64f12.o(RESET)
</UL>
<P><STRONG><a name="[5a]"></a>CAN0_Wake_Up_IRQHandler</STRONG> (Thumb, 4 bytes, Stack size 0 bytes, .\build\startup_mk64f12.o(.text))
<BR>[Address Reference Count : 1]<UL><LI> startup_mk64f12.o(RESET)
</UL>
<P><STRONG><a name="[5b]"></a>SDHC_IRQHandler</STRONG> (Thumb, 4 bytes, Stack size 0 bytes, .\build\startup_mk64f12.o(.text))
<BR>[Address Reference Count : 1]<UL><LI> startup_mk64f12.o(RESET)
</UL>
<P><STRONG><a name="[5c]"></a>ENET_1588_Timer_IRQHandler</STRONG> (Thumb, 4 bytes, Stack size 0 bytes, .\build\startup_mk64f12.o(.text))
<BR>[Address Reference Count : 1]<UL><LI> startup_mk64f12.o(RESET)
</UL>
<P><STRONG><a name="[31]"></a>ADC0_IRQHandler</STRONG> (Thumb, 0 bytes, Stack size 0 bytes, .\build\startup_mk64f12.o(.text))
<BR><BR>[Calls]<UL><LI><a href="#[60]">&gt;&gt;</a>&nbsp;&nbsp;&nbsp;DefaultISR
</UL>
<BR>[Address Reference Count : 1]<UL><LI> startup_mk64f12.o(RESET)
</UL>
<P><STRONG><a name="[53]"></a>ADC1_IRQHandler</STRONG> (Thumb, 0 bytes, Stack size 0 bytes, .\build\startup_mk64f12.o(.text))
<BR>[Address Reference Count : 1]<UL><LI> startup_mk64f12.o(RESET)
</UL>
<P><STRONG><a name="[32]"></a>CMP0_IRQHandler</STRONG> (Thumb, 0 bytes, Stack size 0 bytes, .\build\startup_mk64f12.o(.text))
<BR>[Address Reference Count : 1]<UL><LI> startup_mk64f12.o(RESET)
</UL>
<P><STRONG><a name="[33]"></a>CMP1_IRQHandler</STRONG> (Thumb, 0 bytes, Stack size 0 bytes, .\build\startup_mk64f12.o(.text))
<BR>[Address Reference Count : 1]<UL><LI> startup_mk64f12.o(RESET)
</UL>
<P><STRONG><a name="[50]"></a>CMP2_IRQHandler</STRONG> (Thumb, 0 bytes, Stack size 0 bytes, .\build\startup_mk64f12.o(.text))
<BR>[Address Reference Count : 1]<UL><LI> startup_mk64f12.o(RESET)
</UL>
<P><STRONG><a name="[37]"></a>CMT_IRQHandler</STRONG> (Thumb, 0 bytes, Stack size 0 bytes, .\build\startup_mk64f12.o(.text))
<BR>[Address Reference Count : 1]<UL><LI> startup_mk64f12.o(RESET)
</UL>
<P><STRONG><a name="[42]"></a>DAC0_IRQHandler</STRONG> (Thumb, 0 bytes, Stack size 0 bytes, .\build\startup_mk64f12.o(.text))
<BR>[Address Reference Count : 1]<UL><LI> startup_mk64f12.o(RESET)
</UL>
<P><STRONG><a name="[52]"></a>DAC1_IRQHandler</STRONG> (Thumb, 0 bytes, Stack size 0 bytes, .\build\startup_mk64f12.o(.text))
<BR>[Address Reference Count : 1]<UL><LI> startup_mk64f12.o(RESET)
</UL>
<P><STRONG><a name="[73]"></a>DMA_Error_DriverIRQHandler</STRONG> (Thumb, 0 bytes, Stack size 0 bytes, .\build\startup_mk64f12.o(.text))
<BR>[Address Reference Count : 1]<UL><LI> startup_mk64f12.o(.text)
</UL>
<P><STRONG><a name="[60]"></a>DefaultISR</STRONG> (Thumb, 0 bytes, Stack size 0 bytes, .\build\startup_mk64f12.o(.text))
<BR><BR>[Called By]<UL><LI><a href="#[31]">&gt;&gt;</a>&nbsp;&nbsp;&nbsp;ADC0_IRQHandler
</UL>
<BR>[Address Reference Count : 1]<UL><LI> startup_mk64f12.o(RESET)
</UL>
<P><STRONG><a name="[8b]"></a>ENET_1588_Timer_DriverIRQHandler</STRONG> (Thumb, 0 bytes, Stack size 0 bytes, .\build\startup_mk64f12.o(.text))
<BR>[Address Reference Count : 1]<UL><LI> startup_mk64f12.o(.text)
</UL>
<P><STRONG><a name="[8e]"></a>ENET_Error_DriverIRQHandler</STRONG> (Thumb, 0 bytes, Stack size 0 bytes, .\build\startup_mk64f12.o(.text))
<BR>[Address Reference Count : 1]<UL><LI> startup_mk64f12.o(.text)
</UL>
<P><STRONG><a name="[8d]"></a>ENET_Receive_DriverIRQHandler</STRONG> (Thumb, 0 bytes, Stack size 0 bytes, .\build\startup_mk64f12.o(.text))
<BR>[Address Reference Count : 1]<UL><LI> startup_mk64f12.o(.text)
</UL>
<P><STRONG><a name="[8c]"></a>ENET_Transmit_DriverIRQHandler</STRONG> (Thumb, 0 bytes, Stack size 0 bytes, .\build\startup_mk64f12.o(.text))
<BR>[Address Reference Count : 1]<UL><LI> startup_mk64f12.o(.text)
</UL>
<P><STRONG><a name="[1c]"></a>FTFE_IRQHandler</STRONG> (Thumb, 0 bytes, Stack size 0 bytes, .\build\startup_mk64f12.o(.text))
<BR>[Address Reference Count : 1]<UL><LI> startup_mk64f12.o(RESET)
</UL>
<P><STRONG><a name="[34]"></a>FTM0_IRQHandler</STRONG> (Thumb, 0 bytes, Stack size 0 bytes, .\build\startup_mk64f12.o(.text))
<BR>[Address Reference Count : 1]<UL><LI> startup_mk64f12.o(RESET)
</UL>
<P><STRONG><a name="[35]"></a>FTM1_IRQHandler</STRONG> (Thumb, 0 bytes, Stack size 0 bytes, .\build\startup_mk64f12.o(.text))
<BR>[Address Reference Count : 1]<UL><LI> startup_mk64f12.o(RESET)
</UL>
<P><STRONG><a name="[36]"></a>FTM2_IRQHandler</STRONG> (Thumb, 0 bytes, Stack size 0 bytes, .\build\startup_mk64f12.o(.text))
<BR>[Address Reference Count : 1]<UL><LI> startup_mk64f12.o(RESET)
</UL>
<P><STRONG><a name="[51]"></a>FTM3_IRQHandler</STRONG> (Thumb, 0 bytes, Stack size 0 bytes, .\build\startup_mk64f12.o(.text))
<BR>[Address Reference Count : 1]<UL><LI> startup_mk64f12.o(RESET)
</UL>
<P><STRONG><a name="[1f]"></a>LLWU_IRQHandler</STRONG> (Thumb, 0 bytes, Stack size 0 bytes, .\build\startup_mk64f12.o(.text))
<BR>[Address Reference Count : 1]<UL><LI> startup_mk64f12.o(RESET)
</UL>
<P><STRONG><a name="[44]"></a>LPTMR0_IRQHandler</STRONG> (Thumb, 0 bytes, Stack size 0 bytes, .\build\startup_mk64f12.o(.text))
<BR>[Address Reference Count : 1]<UL><LI> startup_mk64f12.o(RESET)
</UL>
<P><STRONG><a name="[1e]"></a>LVD_LVW_IRQHandler</STRONG> (Thumb, 0 bytes, Stack size 0 bytes, .\build\startup_mk64f12.o(.text))
<BR>[Address Reference Count : 1]<UL><LI> startup_mk64f12.o(RESET)
</UL>
<P><STRONG><a name="[43]"></a>MCG_IRQHandler</STRONG> (Thumb, 0 bytes, Stack size 0 bytes, .\build\startup_mk64f12.o(.text))
<BR>[Address Reference Count : 1]<UL><LI> startup_mk64f12.o(RESET)
</UL>
<P><STRONG><a name="[1b]"></a>MCM_IRQHandler</STRONG> (Thumb, 0 bytes, Stack size 0 bytes, .\build\startup_mk64f12.o(.text))
<BR>[Address Reference Count : 1]<UL><LI> startup_mk64f12.o(RESET)
</UL>
<P><STRONG><a name="[3e]"></a>PDB0_IRQHandler</STRONG> (Thumb, 0 bytes, Stack size 0 bytes, .\build\startup_mk64f12.o(.text))
<BR>[Address Reference Count : 1]<UL><LI> startup_mk64f12.o(RESET)
</UL>
<P><STRONG><a name="[3a]"></a>PIT0_IRQHandler</STRONG> (Thumb, 0 bytes, Stack size 0 bytes, .\build\startup_mk64f12.o(.text))
<BR>[Address Reference Count : 1]<UL><LI> startup_mk64f12.o(RESET)
</UL>
<P><STRONG><a name="[3b]"></a>PIT1_IRQHandler</STRONG> (Thumb, 0 bytes, Stack size 0 bytes, .\build\startup_mk64f12.o(.text))
<BR>[Address Reference Count : 1]<UL><LI> startup_mk64f12.o(RESET)
</UL>
<P><STRONG><a name="[3c]"></a>PIT2_IRQHandler</STRONG> (Thumb, 0 bytes, Stack size 0 bytes, .\build\startup_mk64f12.o(.text))
<BR>[Address Reference Count : 1]<UL><LI> startup_mk64f12.o(RESET)
</UL>
<P><STRONG><a name="[3d]"></a>PIT3_IRQHandler</STRONG> (Thumb, 0 bytes, Stack size 0 bytes, .\build\startup_mk64f12.o(.text))
<BR>[Address Reference Count : 1]<UL><LI> startup_mk64f12.o(RESET)
</UL>
<P><STRONG><a name="[45]"></a>PORTA_IRQHandler</STRONG> (Thumb, 0 bytes, Stack size 0 bytes, .\build\startup_mk64f12.o(.text))
<BR>[Address Reference Count : 1]<UL><LI> startup_mk64f12.o(RESET)
</UL>
<P><STRONG><a name="[46]"></a>PORTB_IRQHandler</STRONG> (Thumb, 0 bytes, Stack size 0 bytes, .\build\startup_mk64f12.o(.text))
<BR>[Address Reference Count : 1]<UL><LI> startup_mk64f12.o(RESET)
</UL>
<P><STRONG><a name="[47]"></a>PORTC_IRQHandler</STRONG> (Thumb, 0 bytes, Stack size 0 bytes, .\build\startup_mk64f12.o(.text))
<BR>[Address Reference Count : 1]<UL><LI> startup_mk64f12.o(RESET)
</UL>
<P><STRONG><a name="[48]"></a>PORTD_IRQHandler</STRONG> (Thumb, 0 bytes, Stack size 0 bytes, .\build\startup_mk64f12.o(.text))
<BR>[Address Reference Count : 1]<UL><LI> startup_mk64f12.o(RESET)
</UL>
<P><STRONG><a name="[49]"></a>PORTE_IRQHandler</STRONG> (Thumb, 0 bytes, Stack size 0 bytes, .\build\startup_mk64f12.o(.text))
<BR>[Address Reference Count : 1]<UL><LI> startup_mk64f12.o(RESET)
</UL>
<P><STRONG><a name="[21]"></a>RNG_IRQHandler</STRONG> (Thumb, 0 bytes, Stack size 0 bytes, .\build\startup_mk64f12.o(.text))
<BR>[Address Reference Count : 1]<UL><LI> startup_mk64f12.o(RESET)
</UL>
<P><STRONG><a name="[38]"></a>RTC_IRQHandler</STRONG> (Thumb, 0 bytes, Stack size 0 bytes, .\build\startup_mk64f12.o(.text))
<BR>[Address Reference Count : 1]<UL><LI> startup_mk64f12.o(RESET)
</UL>
<P><STRONG><a name="[39]"></a>RTC_Seconds_IRQHandler</STRONG> (Thumb, 0 bytes, Stack size 0 bytes, .\build\startup_mk64f12.o(.text))
<BR>[Address Reference Count : 1]<UL><LI> startup_mk64f12.o(RESET)
</UL>
<P><STRONG><a name="[1d]"></a>Read_Collision_IRQHandler</STRONG> (Thumb, 0 bytes, Stack size 0 bytes, .\build\startup_mk64f12.o(.text))
<BR>[Address Reference Count : 1]<UL><LI> startup_mk64f12.o(RESET)
</UL>
<P><STRONG><a name="[41]"></a>Reserved71_IRQHandler</STRONG> (Thumb, 0 bytes, Stack size 0 bytes, .\build\startup_mk64f12.o(.text))
<BR>[Address Reference Count : 1]<UL><LI> startup_mk64f12.o(RESET)
</UL>
<P><STRONG><a name="[4a]"></a>SWI_IRQHandler</STRONG> (Thumb, 0 bytes, Stack size 0 bytes, .\build\startup_mk64f12.o(.text))
<BR>[Address Reference Count : 1]<UL><LI> startup_mk64f12.o(RESET)
</UL>
<P><STRONG><a name="[7c]"></a>UART0_ERR_DriverIRQHandler</STRONG> (Thumb, 0 bytes, Stack size 0 bytes, .\build\startup_mk64f12.o(.text))
<BR>[Address Reference Count : 1]<UL><LI> startup_mk64f12.o(.text)
</UL>
<P><STRONG><a name="[7a]"></a>UART0_LON_DriverIRQHandler</STRONG> (Thumb, 0 bytes, Stack size 0 bytes, .\build\startup_mk64f12.o(.text))
<BR>[Address Reference Count : 1]<UL><LI> startup_mk64f12.o(.text)
</UL>
<P><STRONG><a name="[7e]"></a>UART1_ERR_DriverIRQHandler</STRONG> (Thumb, 0 bytes, Stack size 0 bytes, .\build\startup_mk64f12.o(.text))
<BR>[Address Reference Count : 1]<UL><LI> startup_mk64f12.o(.text)
</UL>
<P><STRONG><a name="[80]"></a>UART2_ERR_DriverIRQHandler</STRONG> (Thumb, 0 bytes, Stack size 0 bytes, .\build\startup_mk64f12.o(.text))
<BR>[Address Reference Count : 1]<UL><LI> startup_mk64f12.o(.text)
</UL>
<P><STRONG><a name="[82]"></a>UART3_ERR_DriverIRQHandler</STRONG> (Thumb, 0 bytes, Stack size 0 bytes, .\build\startup_mk64f12.o(.text))
<BR>[Address Reference Count : 1]<UL><LI> startup_mk64f12.o(.text)
</UL>
<P><STRONG><a name="[85]"></a>UART4_ERR_DriverIRQHandler</STRONG> (Thumb, 0 bytes, Stack size 0 bytes, .\build\startup_mk64f12.o(.text))
<BR>[Address Reference Count : 1]<UL><LI> startup_mk64f12.o(.text)
</UL>
<P><STRONG><a name="[87]"></a>UART5_ERR_DriverIRQHandler</STRONG> (Thumb, 0 bytes, Stack size 0 bytes, .\build\startup_mk64f12.o(.text))
<BR>[Address Reference Count : 1]<UL><LI> startup_mk64f12.o(.text)
</UL>
<P><STRONG><a name="[3f]"></a>USB0_IRQHandler</STRONG> (Thumb, 0 bytes, Stack size 0 bytes, .\build\startup_mk64f12.o(.text))
<BR>[Address Reference Count : 1]<UL><LI> startup_mk64f12.o(RESET)
</UL>
<P><STRONG><a name="[40]"></a>USBDCD_IRQHandler</STRONG> (Thumb, 0 bytes, Stack size 0 bytes, .\build\startup_mk64f12.o(.text))
<BR>[Address Reference Count : 1]<UL><LI> startup_mk64f12.o(RESET)
</UL>
<P><STRONG><a name="[20]"></a>WDOG_EWM_IRQHandler</STRONG> (Thumb, 0 bytes, Stack size 0 bytes, .\build\startup_mk64f12.o(.text))
<BR>[Address Reference Count : 1]<UL><LI> startup_mk64f12.o(RESET)
</UL>
<P><STRONG><a name="[1c7]"></a>__use_no_semihosting</STRONG> (Thumb, 2 bytes, Stack size 0 bytes, C:\Users\davidross\AppData\Local\Keil_v5\ARM\ARMCLANG\Bin\..\lib\armlib\c_w.l(use_no_semi_2.o)(.text), UNUSED)

<P><STRONG><a name="[126]"></a>__aeabi_errno_addr</STRONG> (Thumb, 8 bytes, Stack size 0 bytes, C:\Users\davidross\AppData\Local\Keil_v5\ARM\ARMCLANG\Bin\..\lib\armlib\c_w.l(rt_errno_addr.o)(.text))
<BR><BR>[Called By]<UL><LI><a href="#[105]">&gt;&gt;</a>&nbsp;&nbsp;&nbsp;_sys_flen
<LI><a href="#[122]">&gt;&gt;</a>&nbsp;&nbsp;&nbsp;_sys_seek
<LI><a href="#[103]">&gt;&gt;</a>&nbsp;&nbsp;&nbsp;_sys_istty
<LI><a href="#[11e]">&gt;&gt;</a>&nbsp;&nbsp;&nbsp;_sys_read
<LI><a href="#[13e]">&gt;&gt;</a>&nbsp;&nbsp;&nbsp;_ttywrch
<LI><a href="#[127]">&gt;&gt;</a>&nbsp;&nbsp;&nbsp;_sys_write
<LI><a href="#[10f]">&gt;&gt;</a>&nbsp;&nbsp;&nbsp;_sys_close
<LI><a href="#[17a]">&gt;&gt;</a>&nbsp;&nbsp;&nbsp;open
<LI><a href="#[160]">&gt;&gt;</a>&nbsp;&nbsp;&nbsp;reserve_filehandle()
<LI><a href="#[e9]">&gt;&gt;</a>&nbsp;&nbsp;&nbsp;exit
<LI><a href="#[195]">&gt;&gt;</a>&nbsp;&nbsp;&nbsp;write
<LI><a href="#[104]">&gt;&gt;</a>&nbsp;&nbsp;&nbsp;_ftell_internal
</UL>

<P><STRONG><a name="[1c8]"></a>__errno</STRONG> (Thumb, 0 bytes, Stack size 0 bytes, C:\Users\davidross\AppData\Local\Keil_v5\ARM\ARMCLANG\Bin\..\lib\armlib\c_w.l(rt_errno_addr.o)(.text), UNUSED)

<P><STRONG><a name="[1c9]"></a>__rt_errno_addr</STRONG> (Thumb, 0 bytes, Stack size 0 bytes, C:\Users\davidross\AppData\Local\Keil_v5\ARM\ARMCLANG\Bin\..\lib\armlib\c_w.l(rt_errno_addr.o)(.text), UNUSED)

<P><STRONG><a name="[ec]"></a>malloc</STRONG> (Thumb, 94 bytes, Stack size 16 bytes, C:\Users\davidross\AppData\Local\Keil_v5\ARM\ARMCLANG\Bin\..\lib\armlib\c_w.l(h1_alloc.o)(.text), UNUSED)
<BR><BR>[Calls]<UL><LI><a href="#[ee]">&gt;&gt;</a>&nbsp;&nbsp;&nbsp;__Heap_Full
<LI><a href="#[ed]">&gt;&gt;</a>&nbsp;&nbsp;&nbsp;__rt_heap_descriptor
</UL>
<BR>[Called By]<UL><LI><a href="#[124]">&gt;&gt;</a>&nbsp;&nbsp;&nbsp;__flsbuf
<LI><a href="#[11f]">&gt;&gt;</a>&nbsp;&nbsp;&nbsp;__filbuf
<LI><a href="#[10d]">&gt;&gt;</a>&nbsp;&nbsp;&nbsp;fopen
</UL>

<P><STRONG><a name="[ef]"></a>free</STRONG> (Thumb, 78 bytes, Stack size 16 bytes, C:\Users\davidross\AppData\Local\Keil_v5\ARM\ARMCLANG\Bin\..\lib\armlib\c_w.l(h1_free.o)(.text))
<BR><BR>[Stack]<UL><LI>Max Depth = 16<LI>Call Chain = free
</UL>
<BR>[Calls]<UL><LI><a href="#[ed]">&gt;&gt;</a>&nbsp;&nbsp;&nbsp;__rt_heap_descriptor
</UL>
<BR>[Called By]<UL><LI><a href="#[95]">&gt;&gt;</a>&nbsp;&nbsp;&nbsp;DirectSerial::~DirectSerial__deallocating()
<LI><a href="#[113]">&gt;&gt;</a>&nbsp;&nbsp;&nbsp;__Heap_ProvideMemory
<LI><a href="#[12a]">&gt;&gt;</a>&nbsp;&nbsp;&nbsp;_terminateio
<LI><a href="#[10b]">&gt;&gt;</a>&nbsp;&nbsp;&nbsp;_fclose_internal
</UL>

<P><STRONG><a name="[18b]"></a>__aeabi_uldivmod</STRONG> (Thumb, 0 bytes, Stack size 48 bytes, C:\Users\davidross\AppData\Local\Keil_v5\ARM\ARMCLANG\Bin\..\lib\armlib\c_w.l(lludivv7m.o)(.text))
<BR><BR>[Stack]<UL><LI>Max Depth = 48<LI>Call Chain = __aeabi_uldivmod
</UL>
<BR>[Called By]<UL><LI><a href="#[18d]">&gt;&gt;</a>&nbsp;&nbsp;&nbsp;schedule_interrupt
[...]
</UL>
<BR>[Calls]<UL><LI><a href="#[180]">&gt;&gt;</a>&nbsp;&nbsp;&nbsp;core_util_critical_section_exit
<LI><a href="#[17e]">&gt;&gt;</a>&nbsp;&nbsp;&nbsp;core_util_critical_section_enter
<LI><a href="#[18c]">&gt;&gt;</a>&nbsp;&nbsp;&nbsp;update_present_time
<LI><a href="#[18a]">&gt;&gt;</a>&nbsp;&nbsp;&nbsp;initialize
</UL>
<BR>[Called By]<UL><LI><a href="#[17b]">&gt;&gt;</a>&nbsp;&nbsp;&nbsp;_wait_us_generic
</UL>

<P><STRONG><a name="[ac]"></a>us_ticker_clear_interrupt</STRONG> (Thumb, 14 bytes, Stack size 0 bytes, .\build\us_ticker.o(.text.us_ticker_clear_interrupt))
<BR>[Address Reference Count : 1]<UL><LI> mbed_us_ticker_api.o(.rodata.us_interface)
</UL>
<P><STRONG><a name="[ab]"></a>us_ticker_disable_interrupt</STRONG> (Thumb, 18 bytes, Stack size 0 bytes, .\build\us_ticker.o(.text.us_ticker_disable_interrupt))
<BR>[Address Reference Count : 1]<UL><LI> mbed_us_ticker_api.o(.rodata.us_interface)
</UL>
<P><STRONG><a name="[ae]"></a>us_ticker_fire_interrupt</STRONG> (Thumb, 16 bytes, Stack size 0 bytes, .\build\us_ticker.o(.text.us_ticker_fire_interrupt))
<BR>[Address Reference Count : 1]<UL><LI> mbed_us_ticker_api.o(.rodata.us_interface)
</UL>
<P><STRONG><a name="[197]"></a>us_ticker_free</STRONG> (Thumb, 96 bytes, Stack size 0 bytes, .\build\us_ticker.o(.text.us_ticker_free))
<BR><BR>[Called By]<UL><LI><a href="#[af]">&gt;&gt;</a>&nbsp;&nbsp;&nbsp;note_us_ticker_free
</UL>

<P><STRONG><a name="[b0]"></a>us_ticker_get_info</STRONG> (Thumb, 10 bytes, Stack size 0 bytes, .\build\us_ticker.o(.text.us_ticker_get_info))
<BR>[Address Reference Count : 1]<UL><LI> mbed_us_ticker_api.o(.rodata.us_interface)
</UL>
<P><STRONG><a name="[198]"></a>us_ticker_init</STRONG> (Thumb, 216 bytes, Stack size 16 bytes, .\build\us_ticker.o(.text.us_ticker_init))
<BR><BR>[Stack]<UL><LI>Max Depth = 200<LI>Call Chain = us_ticker_init &rArr; CLOCK_GetFreq &rArr; CLOCK_GetOutClkFreq &rArr; CLOCK_GetFllRefClkFreq &rArr; __aeabi_assert &rArr; __assert_puts &rArr; fflush &rArr; _do_fflush &rArr; _fflush &rArr; _writebuf &rArr; _sys_write &rArr; mbed::mbed_file_handle(int) &rArr; __cxa_guard_release &rArr; mbed_assert_internal &rArr;  mbed_error (Cycle)
</UL>
<BR>[Calls]<UL><LI><a href="#[149]">&gt;&gt;</a>&nbsp;&nbsp;&nbsp;CLOCK_GetFreq
<LI><a href="#[158]">&gt;&gt;</a>&nbsp;&nbsp;&nbsp;PIT_Init
</UL>
<BR>[Called By]<UL><LI><a href="#[a9]">&gt;&gt;</a>&nbsp;&nbsp;&nbsp;note_us_ticker_init
</UL>

<P><STRONG><a name="[19b]"></a>us_ticker_irq_handler</STRONG> (Thumb, 26 bytes, Stack size 0 bytes, .\build\mbed_us_ticker_api.o(.text.us_ticker_irq_handler))
<BR><BR>[Called By]<UL><LI><a href="#[93]">&gt;&gt;</a>&nbsp;&nbsp;&nbsp;pit_isr
</UL>

<P><STRONG><a name="[aa]"></a>us_ticker_read</STRONG> (Thumb, 14 bytes, Stack size 0 bytes, .\build\us_ticker.o(.text.us_ticker_read))
<BR>[Address Reference Count : 1]<UL><LI> mbed_us_ticker_api.o(.rodata.us_interface)
</UL>
<P><STRONG><a name="[ad]"></a>us_ticker_set_interrupt</STRONG> (Thumb, 82 bytes, Stack size 0 bytes, .\build\us_ticker.o(.text.us_ticker_set_interrupt))
<BR>[Address Reference Count : 1]<UL><LI> mbed_us_ticker_api.o(.rodata.us_interface)
</UL>
<P><STRONG><a name="[195]"></a>write</STRONG> (Thumb, 48 bytes, Stack size 16 bytes, .\build\mbed_retarget.o(.text.write))
<BR><BR>[Stack]<UL><LI>Max Depth = 48<LI>Call Chain = write &rArr; mbed::mbed_file_handle(int) &rArr; __cxa_guard_release &rArr; mbed_assert_internal &rArr;  mbed_error (Cycle)
</UL>
<BR>[Calls]<UL><LI><a href="#[167]">&gt;&gt;</a>&nbsp;&nbsp;&nbsp;mbed::mbed_file_handle(int)
<LI><a href="#[126]">&gt;&gt;</a>&nbsp;&nbsp;&nbsp;__aeabi_errno_addr
</UL>
<BR>[Called By]<UL><LI><a href="#[194]">&gt;&gt;</a>&nbsp;&nbsp;&nbsp;mbed_error_puts
<LI><a href="#[193]">&gt;&gt;</a>&nbsp;&nbsp;&nbsp;mbed_error_vprintf
</UL>

<P><STRONG><a name="[12f]"></a>_btod_d2e</STRONG> (Thumb, 62 bytes, Stack size 0 bytes, C:\Users\davidross\AppData\Local\Keil_v5\ARM\ARMCLANG\Bin\..\lib\armlib\c_w.l(btod.o)(CL$$btod_d2e))
<BR><BR>[Calls]<UL><LI><a href="#[1a0]">&gt;&gt;</a>&nbsp;&nbsp;&nbsp;_d2e_norm_op1
</UL>
<BR>[Called By]<UL><LI><a href="#[12d]">&gt;&gt;</a>&nbsp;&nbsp;&nbsp;_fp_digits
</UL>

<P><STRONG><a name="[1a1]"></a>_d2e_denorm_low</STRONG> (Thumb, 70 bytes, Stack size 0 bytes, C:\Users\davidross\AppData\Local\Keil_v5\ARM\ARMCLANG\Bin\..\lib\armlib\c_w.l(btod.o)(CL$$btod_d2e_denorm_low))
<BR><BR>[Called By]<UL><LI><a href="#[1a0]">&gt;&gt;</a>&nbsp;&nbsp;&nbsp;_d2e_norm_op1
</UL>

<P><STRONG><a name="[1a0]"></a>_d2e_norm_op1</STRONG> (Thumb, 96 bytes, Stack size 0 bytes, C:\Users\davidross\AppData\Local\Keil_v5\ARM\ARMCLANG\Bin\..\lib\armlib\c_w.l(btod.o)(CL$$btod_d2e_norm_op1))
<BR><BR>[Calls]<UL><LI><a href="#[1a1]">&gt;&gt;</a>&nbsp;&nbsp;&nbsp;_d2e_denorm_low
</UL>
<BR>[Called By]<UL><LI><a href="#[12f]">&gt;&gt;</a>&nbsp;&nbsp;&nbsp;_btod_d2e
</UL>

<P><STRONG><a name="[1a2]"></a>__btod_div_common</STRONG> (Thumb, 696 bytes, Stack size 24 bytes, C:\Users\davidross\AppData\Local\Keil_v5\ARM\ARMCLANG\Bin\..\lib\armlib\c_w.l(btod.o)(CL$$btod_div_common))
<BR><BR>[Stack]<UL><LI>Max Depth = 24<LI>Call Chain = __btod_div_common
</UL>
<BR>[Called By]<UL><LI><a href="#[130]">&gt;&gt;</a>&nbsp;&nbsp;&nbsp;_btod_ediv
</UL>

<P><STRONG><a name="[1a3]"></a>_e2e</STRONG> (Thumb, 220 bytes, Stack size 24 bytes, C:\Users\davidross\AppData\Local\Keil_v5\ARM\ARMCLANG\Bin\..\lib\armlib\c_w.l(btod.o)(CL$$btod_e2e))
<BR><BR>[Stack]<UL><LI>Max Depth = 24<LI>Call Chain = _e2e
</UL>
<BR>[Called By]<UL><LI><a href="#[131]">&gt;&gt;</a>&nbsp;&nbsp;&nbsp;_btod_emul
<LI><a href="#[130]">&gt;&gt;</a>&nbsp;&nbsp;&nbsp;_btod_ediv
</UL>

<P><STRONG><a name="[130]"></a>_btod_ediv</STRONG> (Thumb, 42 bytes, Stack size 28 bytes, C:\Users\davidross\AppData\Local\Keil_v5\ARM\ARMCLANG\Bin\..\lib\armlib\c_w.l(btod.o)(CL$$btod_ediv))
<BR><BR>[Stack]<UL><LI>Max Depth = 52<LI>Call Chain = _btod_ediv &rArr; _e2e
</UL>
<BR>[Calls]<UL><LI><a href="#[1a3]">&gt;&gt;</a>&nbsp;&nbsp;&nbsp;_e2e
<LI><a href="#[1a2]">&gt;&gt;</a>&nbsp;&nbsp;&nbsp;__btod_div_common
</UL>
<BR>[Called By]<UL><LI><a href="#[12d]">&gt;&gt;</a>&nbsp;&nbsp;&nbsp;_fp_digits
<LI><a href="#[12e]">&gt;&gt;</a>&nbsp;&nbsp;&nbsp;_btod_etento
</UL>

<P><STRONG><a name="[131]"></a>_btod_emul</STRONG> (Thumb, 42 bytes, Stack size 28 bytes, C:\Users\davidross\AppData\Local\Keil_v5\ARM\ARMCLANG\Bin\..\lib\armlib\c_w.l(btod.o)(CL$$btod_emul))
<BR><BR>[Stack]<UL><LI>Max Depth = 52<LI>Call Chain = _btod_emul &rArr; _e2e
</UL>
<BR>[Calls]<UL><LI><a href="#[1a4]">&gt;&gt;</a>&nbsp;&nbsp;&nbsp;__btod_mult_common
<LI><a href="#[1a3]">&gt;&gt;</a>&nbsp;&nbsp;&nbsp;_e2e
</UL>
<BR>[Called By]<UL><LI><a href="#[12d]">&gt;&gt;</a>&nbsp;&nbsp;&nbsp;_fp_digits
<LI><a href="#[12e]">&gt;&gt;</a>&nbsp;&nbsp;&nbsp;_btod_etento
</UL>

<P><STRONG><a name="[1a4]"></a>__btod_mult_common</STRONG> (Thumb, 580 bytes, Stack size 16 bytes, C:\Users\davidross\AppData\Local\Keil_v5\ARM\ARMCLANG\Bin\..\lib\armlib\c_w.l(btod.o)(CL$$btod_mult_common))
<BR><BR>[Stack]<UL><LI>Max Depth = 16<LI>Call Chain = __btod_mult_common
</UL>
<BR>[Called By]<UL><LI><a href="#[131]">&gt;&gt;</a>&nbsp;&nbsp;&nbsp;_btod_emul
</UL>

<P><STRONG><a name="[133]"></a>__ARM_fpclassify</STRONG> (Thumb, 48 bytes, Stack size 8 bytes, C:\Users\davidross\AppData\Local\Keil_v5\ARM\ARMCLANG\Bin\..\lib\armlib\m_wm.l(fpclassify.o)(i.__ARM_fpclassify))
<BR><BR>[Stack]<UL><LI>Max Depth = 8<LI>Call Chain = __ARM_fpclassify
</UL>
<BR>[Called By]<UL><LI><a href="#[132]">&gt;&gt;</a>&nbsp;&nbsp;&nbsp;_printf_fp_dec_real
<LI><a href="#[135]">&gt;&gt;</a>&nbsp;&nbsp;&nbsp;_printf_fp_hex_real
</UL>

<P><STRONG><a name="[fc]"></a>_is_digit</STRONG> (Thumb, 14 bytes, Stack size 0 bytes, C:\Users\davidross\AppData\Local\Keil_v5\ARM\ARMCLANG\Bin\..\lib\armlib\c_w.l(__printf_wp.o)(i._is_digit))
<BR><BR>[Called By]<UL><LI><a href="#[fb]">&gt;&gt;</a>&nbsp;&nbsp;&nbsp;__printf
</UL>

<P><STRONG><a name="[108]"></a>fgetc</STRONG> (Thumb, 26 bytes, Stack size 0 bytes, C:\Users\davidross\AppData\Local\Keil_v5\ARM\ARMCLANG\Bin\..\lib\armlib\c_w.l(fgetc.o)(i.fgetc))
<BR><BR>[Stack]<UL><LI>Max Depth = 40<LI>Call Chain = fgetc &rArr; __filbuf_byte
</UL>
<BR>[Calls]<UL><LI><a href="#[1a5]">&gt;&gt;</a>&nbsp;&nbsp;&nbsp;__filbuf_byte
</UL>
<BR>[Called By]<UL><LI><a href="#[107]">&gt;&gt;</a>&nbsp;&nbsp;&nbsp;getc
</UL>

<P><STRONG><a name="[91]"></a>fputc</STRONG> (Thumb, 28 bytes, Stack size 0 bytes, C:\Users\davidross\AppData\Local\Keil_v5\ARM\ARMCLANG\Bin\..\lib\armlib\c_w.l(fputc.o)(i.fputc))
<BR><BR>[Stack]<UL><LI>Max Depth = 40<LI>Call Chain = fputc &rArr; __flsbuf_byte
</UL>
<BR>[Calls]<UL><LI><a href="#[1a6]">&gt;&gt;</a>&nbsp;&nbsp;&nbsp;__flsbuf_byte
</UL>
<BR>[Called By]<UL><LI><a href="#[109]">&gt;&gt;</a>&nbsp;&nbsp;&nbsp;putc
<LI><a href="#[102]">&gt;&gt;</a>&nbsp;&nbsp;&nbsp;fputs
</UL>
<BR>[Address Reference Count : 1]<UL><LI> _printf_char_file.o(.text)
</UL>
<P><STRONG><a name="[e0]"></a>_get_lc_numeric</STRONG> (Thumb, 44 bytes, Stack size 8 bytes, C:\Users\davidross\AppData\Local\Keil_v5\ARM\ARMCLANG\Bin\..\lib\armlib\c_w.l(lc_numeric_c.o)(locale$$code))
<BR><BR>[Stack]<UL><LI>Max Depth = 16<LI>Call Chain = _get_lc_numeric &rArr; strcmp
</UL>
<BR>[Calls]<UL><LI><a href="#[179]">&gt;&gt;</a>&nbsp;&nbsp;&nbsp;strcmp
</UL>
<BR>[Called By]<UL><LI><a href="#[df]">&gt;&gt;</a>&nbsp;&nbsp;&nbsp;__rt_lib_init_lc_numeric_2
</UL>

<P><STRONG><a name="[92]"></a>_get_lc_ctype</STRONG> (Thumb, 44 bytes, Stack size 8 bytes, C:\Users\davidross\AppData\Local\Keil_v5\ARM\ARMCLANG\Bin\..\lib\armlib\c_w.l(lc_ctype_c.o)(locale$$code))
<BR><BR>[Stack]<UL><LI>Max Depth = 16<LI>Call Chain = _get_lc_ctype &rArr; strcmp
</UL>
<BR>[Calls]<UL><LI><a href="#[179]">&gt;&gt;</a>&nbsp;&nbsp;&nbsp;strcmp
</UL>
<BR>[Called By]<UL><LI><a href="#[de]">&gt;&gt;</a>&nbsp;&nbsp;&nbsp;__rt_lib_init_lc_ctype_2
</UL>
<BR>[Address Reference Count : 1]<UL><LI> rt_ctype_table.o(.text)
</UL>
<P><STRONG><a name="[d9]"></a>_fp_init</STRONG> (Thumb, 26 bytes, Stack size 0 bytes, C:\Users\davidross\AppData\Local\Keil_v5\ARM\ARMCLANG\Bin\..\lib\armlib\fz_wm.l(fpinit.o)(x$fpl$fpinit))
<BR><BR>[Called By]<UL><LI><a href="#[d8]">&gt;&gt;</a>&nbsp;&nbsp;&nbsp;__rt_lib_init_fp_1
</UL>

<P><STRONG><a name="[1e3]"></a>__fplib_config_fpu_vfp</STRONG> (Thumb, 0 bytes, Stack size unknown bytes, C:\Users\davidross\AppData\Local\Keil_v5\ARM\ARMCLANG\Bin\..\lib\armlib\fz_wm.l(fpinit.o)(x$fpl$fpinit), UNUSED)

<P><STRONG><a name="[1e4]"></a>__fplib_config_pureend_doubles</STRONG> (Thumb, 0 bytes, Stack size unknown bytes, C:\Users\davidross\AppData\Local\Keil_v5\ARM\ARMCLANG\Bin\..\lib\armlib\fz_wm.l(fpinit.o)(x$fpl$fpinit), UNUSED)

<P><STRONG><a name="[bb]"></a>_printf_fp_dec</STRONG> (Thumb, 4 bytes, Stack size 0 bytes, C:\Users\davidross\AppData\Local\Keil_v5\ARM\ARMCLANG\Bin\..\lib\armlib\fz_wm.l(printf1.o)(x$fpl$printf1))
<BR><BR>[Stack]<UL><LI>Max Depth = 324<LI>Call Chain = _printf_fp_dec &rArr; _printf_fp_dec_real &rArr; _fp_digits &rArr; _btod_etento &rArr; _btod_emul &rArr; _e2e
</UL>
<BR>[Calls]<UL><LI><a href="#[132]">&gt;&gt;</a>&nbsp;&nbsp;&nbsp;_printf_fp_dec_real
</UL>
<BR>[Called By]<UL><LI><a href="#[bd]">&gt;&gt;</a>&nbsp;&nbsp;&nbsp;_printf_g
<LI><a href="#[bc]">&gt;&gt;</a>&nbsp;&nbsp;&nbsp;_printf_e
<LI><a href="#[ba]">&gt;&gt;</a>&nbsp;&nbsp;&nbsp;_printf_f
</UL>

<P><STRONG><a name="[bf]"></a>_printf_fp_hex</STRONG> (Thumb, 4 bytes, Stack size 0 bytes, C:\Users\davidross\AppData\Local\Keil_v5\ARM\ARMCLANG\Bin\..\lib\armlib\fz_wm.l(printf2.o)(x$fpl$printf2))
<BR><BR>[Stack]<UL><LI>Max Depth = 112<LI>Call Chain = _printf_fp_hex &rArr; _printf_fp_hex_real &rArr; _printf_fp_infnan &rArr; _printf_post_padding
</UL>
<BR>[Calls]<UL><LI><a href="#[135]">&gt;&gt;</a>&nbsp;&nbsp;&nbsp;_printf_fp_hex_real
</UL>
<BR>[Called By]<UL><LI><a href="#[be]">&gt;&gt;</a>&nbsp;&nbsp;&nbsp;_printf_a
</UL>
<P>
<H3>
Local Symbols
</H3>
<P><STRONG><a name="[148]"></a>CLOCK_GetFllRefClkFreq</STRONG> (Thumb, 230 bytes, Stack size 0 bytes, .\build\fsl_clock.o(.text.CLOCK_GetFllRefClkFreq))
<BR><BR>[Stack]<UL><LI>Max Depth = 168<LI>Call Chain = CLOCK_GetFllRefClkFreq &rArr; __aeabi_assert &rArr; __assert_puts &rArr; fflush &rArr; _do_fflush &rArr; _fflush &rArr; _writebuf &rArr; _sys_write &rArr; mbed::mbed_file_handle(int) &rArr; __cxa_guard_release &rArr; mbed_assert_internal &rArr;  mbed_error (Cycle)
</UL>
<BR>[Calls]<UL><LI><a href="#[110]">&gt;&gt;</a>&nbsp;&nbsp;&nbsp;__aeabi_assert
</UL>
<BR>[Called By]<UL><LI><a href="#[149]">&gt;&gt;</a>&nbsp;&nbsp;&nbsp;CLOCK_GetFreq
<LI><a href="#[14a]">&gt;&gt;</a>&nbsp;&nbsp;&nbsp;CLOCK_GetOutClkFreq
</UL>

<P><STRONG><a name="[14d]"></a>DSPI_MasterTransferFillUpTxFifo</STRONG> (Thumb, 314 bytes, Stack size 24 bytes, .\build\fsl_dspi.o(.text.DSPI_MasterTransferFillUpTxFifo))
<BR><BR>[Stack]<UL><LI>Max Depth = 192<LI>Call Chain = DSPI_MasterTransferFillUpTxFifo &rArr; __aeabi_assert &rArr; __assert_puts &rArr; fflush &rArr; _do_fflush &rArr; _fflush &rArr; _writebuf &rArr; _sys_write &rArr; mbed::mbed_file_handle(int) &rArr; __cxa_guard_release &rArr; mbed_assert_internal &rArr;  mbed_error (Cycle)
</UL>
<BR>[Calls]<UL><LI><a href="#[110]">&gt;&gt;</a>&nbsp;&nbsp;&nbsp;__aeabi_assert
</UL>
<BR>[Called By]<UL><LI><a href="#[14e]">&gt;&gt;</a>&nbsp;&nbsp;&nbsp;DSPI_MasterTransferHandleIRQ
</UL>

<P><STRONG><a name="[190]"></a>print_error_report</STRONG> (Thumb, 264 bytes, Stack size 24 bytes, .\build\mbed_error.o(.text.print_error_report))
<BR><BR>[Stack]<UL><LI>Max Depth = 320 + Unknown Stack Size
<LI>Call Chain = print_error_report &rArr; mbed_error_printf &rArr; mbed_error_vprintf &rArr; vsnprintf &rArr; _printf_char_common &rArr; __printf
</UL>
<BR>[Calls]<UL><LI><a href="#[194]">&gt;&gt;</a>&nbsp;&nbsp;&nbsp;mbed_error_puts
<LI><a href="#[191]">&gt;&gt;</a>&nbsp;&nbsp;&nbsp;mbed_error_printf
</UL>
<BR>[Called By]<UL><LI><a href="#[18e]">&gt;&gt;</a>&nbsp;&nbsp;&nbsp;mbed_error
</UL>

<P><STRONG><a name="[192]"></a>system_reset</STRONG> (Thumb, 4 bytes, Stack size 0 bytes, .\build\mbed_error.o(.text.system_reset))
<BR><BR>[Calls]<UL><LI><a href="#[19f]">&gt;&gt;</a>&nbsp;&nbsp;&nbsp;__NVIC_SystemReset
</UL>
<BR>[Called By]<UL><LI><a href="#[18e]">&gt;&gt;</a>&nbsp;&nbsp;&nbsp;mbed_error
</UL>

<P><STRONG><a name="[19f]"></a>__NVIC_SystemReset</STRONG> (Thumb, 36 bytes, Stack size 0 bytes, .\build\mbed_error.o(.text.__NVIC_SystemReset))
<BR><BR>[Called By]<UL><LI><a href="#[192]">&gt;&gt;</a>&nbsp;&nbsp;&nbsp;system_reset
</UL>

<P><STRONG><a name="[160]"></a>reserve_filehandle()</STRONG> (Thumb, 138 bytes, Stack size 16 bytes, .\build\mbed_retarget.o(.text._ZL18reserve_filehandlev))
<BR><BR>[Stack]<UL><LI>Max Depth = 24<LI>Call Chain = reserve_filehandle() &rArr; mbed_assert_internal &rArr;  mbed_error (Cycle)
</UL>
<BR>[Calls]<UL><LI><a href="#[161]">&gt;&gt;</a>&nbsp;&nbsp;&nbsp;mbed_assert_internal
<LI><a href="#[126]">&gt;&gt;</a>&nbsp;&nbsp;&nbsp;__aeabi_errno_addr
</UL>
<BR>[Called By]<UL><LI><a href="#[17a]">&gt;&gt;</a>&nbsp;&nbsp;&nbsp;open
</UL>

<P><STRONG><a name="[18a]"></a>initialize</STRONG> (Thumb, 256 bytes, Stack size 40 bytes, .\build\mbed_ticker_api.o(.text.initialize))
<BR><BR>[Stack]<UL><LI>Max Depth = 432 + Unknown Stack Size
<LI>Call Chain = initialize &rArr; mbed_error &rArr; print_error_report &rArr; mbed_error_printf &rArr; mbed_error_vprintf &rArr; vsnprintf &rArr; _printf_char_common &rArr; __printf
</UL>
<BR>[Calls]<UL><LI><a href="#[18e]">&gt;&gt;</a>&nbsp;&nbsp;&nbsp;mbed_error
<LI><a href="#[18d]">&gt;&gt;</a>&nbsp;&nbsp;&nbsp;schedule_interrupt
<LI><a href="#[18c]">&gt;&gt;</a>&nbsp;&nbsp;&nbsp;update_present_time
<LI><a href="#[18b]">&gt;&gt;</a>&nbsp;&nbsp;&nbsp;__aeabi_uldivmod
</UL>
<BR>[Called By]<UL><LI><a href="#[17d]">&gt;&gt;</a>&nbsp;&nbsp;&nbsp;ticker_read
</UL>

<P><STRONG><a name="[18c]"></a>update_present_time</STRONG> (Thumb, 240 bytes, Stack size 32 bytes, .\build\mbed_ticker_api.o(.text.update_present_time))
<BR><BR>[Stack]<UL><LI>Max Depth = 80<LI>Call Chain = update_present_time &rArr; __aeabi_uldivmod
</UL>
<BR>[Calls]<UL><LI><a href="#[18b]">&gt;&gt;</a>&nbsp;&nbsp;&nbsp;__aeabi_uldivmod
</UL>
<BR>[Called By]<UL><LI><a href="#[18d]">&gt;&gt;</a>&nbsp;&nbsp;&nbsp;schedule_interrupt
<LI><a href="#[18a]">&gt;&gt;</a>&nbsp;&nbsp;&nbsp;initialize
<LI><a href="#[17d]">&gt;&gt;</a>&nbsp;&nbsp;&nbsp;ticker_read
<LI><a href="#[b1]">&gt;&gt;</a>&nbsp;&nbsp;&nbsp;ticker_irq_handler
</UL>

<P><STRONG><a name="[18d]"></a>schedule_interrupt</STRONG> (Thumb, 320 bytes, Stack size 24 bytes, .\build\mbed_ticker_api.o(.text.schedule_interrupt))
<BR><BR>[Stack]<UL><LI>Max Depth = 104<LI>Call Chain = schedule_interrupt &rArr; update_present_time &rArr; __aeabi_uldivmod
</UL>
<BR>[Calls]<UL><LI><a href="#[161]">&gt;&gt;</a>&nbsp;&nbsp;&nbsp;mbed_assert_internal
<LI><a href="#[18c]">&gt;&gt;</a>&nbsp;&nbsp;&nbsp;update_present_time
<LI><a href="#[18b]">&gt;&gt;</a>&nbsp;&nbsp;&nbsp;__aeabi_uldivmod
</UL>
<BR>[Called By]<UL><LI><a href="#[18a]">&gt;&gt;</a>&nbsp;&nbsp;&nbsp;initialize
<LI><a href="#[b1]">&gt;&gt;</a>&nbsp;&nbsp;&nbsp;ticker_irq_handler
</UL>

<P><STRONG><a name="[a9]"></a>note_us_ticker_init</STRONG> (Thumb, 20 bytes, Stack size 8 bytes, .\build\mbed_us_ticker_api.o(.text.note_us_ticker_init))
<BR><BR>[Stack]<UL><LI>Max Depth = 208<LI>Call Chain = note_us_ticker_init &rArr; us_ticker_init &rArr; CLOCK_GetFreq &rArr; CLOCK_GetOutClkFreq &rArr; CLOCK_GetFllRefClkFreq &rArr; __aeabi_assert &rArr; __assert_puts &rArr; fflush &rArr; _do_fflush &rArr; _fflush &rArr; _writebuf &rArr; _sys_write &rArr; mbed::mbed_file_handle(int) &rArr; __cxa_guard_release &rArr; mbed_assert_internal &rArr;  mbed_error (Cycle)
</UL>
<BR>[Calls]<UL><LI><a href="#[198]">&gt;&gt;</a>&nbsp;&nbsp;&nbsp;us_ticker_init
</UL>
<BR>[Address Reference Count : 1]<UL><LI> mbed_us_ticker_api.o(.rodata.us_interface)
</UL>
<P><STRONG><a name="[af]"></a>note_us_ticker_free</STRONG> (Thumb, 16 bytes, Stack size 0 bytes, .\build\mbed_us_ticker_api.o(.text.note_us_ticker_free))
<BR><BR>[Calls]<UL><LI><a href="#[197]">&gt;&gt;</a>&nbsp;&nbsp;&nbsp;us_ticker_free
</UL>
<BR>[Address Reference Count : 1]<UL><LI> mbed_us_ticker_api.o(.rodata.us_interface)
</UL>
<P><STRONG><a name="[93]"></a>pit_isr</STRONG> (Thumb, 34 bytes, Stack size 0 bytes, .\build\us_ticker.o(.text.pit_isr))
<BR><BR>[Calls]<UL><LI><a href="#[19b]">&gt;&gt;</a>&nbsp;&nbsp;&nbsp;us_ticker_irq_handler
</UL>
<BR>[Address Reference Count : 1]<UL><LI> us_ticker.o(.text.us_ticker_init)
</UL>
<P><STRONG><a name="[90]"></a>_printf_input_char</STRONG> (Thumb, 10 bytes, Stack size 0 bytes, C:\Users\davidross\AppData\Local\Keil_v5\ARM\ARMCLANG\Bin\..\lib\armlib\c_w.l(_printf_char_common.o)(.text))
<BR>[Address Reference Count : 1]<UL><LI> _printf_char_common.o(.text)
</UL>
<P><STRONG><a name="[12d]"></a>_fp_digits</STRONG> (Thumb, 432 bytes, Stack size 96 bytes, C:\Users\davidross\AppData\Local\Keil_v5\ARM\ARMCLANG\Bin\..\lib\armlib\c_w.l(_printf_fp_dec.o)(.text))
<BR><BR>[Stack]<UL><LI>Max Depth = 220<LI>Call Chain = _fp_digits &rArr; _btod_etento &rArr; _btod_emul &rArr; _e2e
</UL>
<BR>[Calls]<UL><LI><a href="#[11b]">&gt;&gt;</a>&nbsp;&nbsp;&nbsp;_ll_udiv10
<LI><a href="#[131]">&gt;&gt;</a>&nbsp;&nbsp;&nbsp;_btod_emul
<LI><a href="#[130]">&gt;&gt;</a>&nbsp;&nbsp;&nbsp;_btod_ediv
<LI><a href="#[12f]">&gt;&gt;</a>&nbsp;&nbsp;&nbsp;_btod_d2e
<LI><a href="#[12e]">&gt;&gt;</a>&nbsp;&nbsp;&nbsp;_btod_etento
</UL>
<BR>[Called By]<UL><LI><a href="#[132]">&gt;&gt;</a>&nbsp;&nbsp;&nbsp;_printf_fp_dec_real
</UL>
<P>
<H3>
Undefined Global Symbols
</H3><HR></body></html>
